Command line invocation:
    /Applications/Xcode.app/Contents/Developer/usr/bin/xcodebuild -project ScientificCalculator.xcodeproj -scheme ScientificCalculator -sdk iphonesimulator build

Build settings from command line:
    SDKROOT = iphonesimulator26.2

2026-03-04 18:54:07.703 xcodebuild[24757:202033] [MT] IDERunDestination: Supported platforms for the buildables in the current scheme is empty.
--- xcodebuild: WARNING: Using the first of multiple matching destinations:
{ platform:iOS Simulator, id:dvtdevice-DVTiOSDeviceSimulatorPlaceholder-iphonesimulator:placeholder, name:Any iOS Simulator Device }
{ platform:iOS Simulator, arch:arm64, id:9E433783-A49D-443A-8649-67DD5EC94D7B, OS:26.2, name:iPad (A16) }
{ platform:iOS Simulator, arch:arm64, id:3F83B6EA-18E8-4251-92F7-773A37BA5539, OS:26.2, name:iPad Air 11-inch (M3) }
{ platform:iOS Simulator, arch:arm64, id:2A8D3347-AE26-4D79-A6FB-F5DEE2468382, OS:26.2, name:iPad Air 13-inch (M3) }
{ platform:iOS Simulator, arch:arm64, id:3025BB15-C307-4E9D-977B-D7CFBB4F74FB, OS:26.2, name:iPad Pro 11-inch (M5) }
{ platform:iOS Simulator, arch:arm64, id:DDFB2067-866E-4E6A-B11F-6BDB4994E41A, OS:26.2, name:iPad Pro 13-inch (M5) }
{ platform:iOS Simulator, arch:arm64, id:565E1311-10B8-473F-A0E9-70FBB0167471, OS:26.2, name:iPad mini (A17 Pro) }
{ platform:iOS Simulator, arch:arm64, id:675AE870-F5B5-4AFE-A211-E18D314E8210, OS:26.2, name:iPhone 16e }
{ platform:iOS Simulator, arch:arm64, id:EED9EA4F-6D11-46D7-97B8-45EB46768BB8, OS:26.2, name:iPhone 17 }
{ platform:iOS Simulator, arch:arm64, id:C001063E-68B9-47EC-9B35-D1A64304A0FF, OS:26.2, name:iPhone 17 Pro }
{ platform:iOS Simulator, arch:arm64, id:B21BE19B-DC7D-4F85-A8BB-B056E1EAB272, OS:26.2, name:iPhone 17 Pro Max }
{ platform:iOS Simulator, arch:arm64, id:55CDEFB9-46BE-4C87-AF98-DCF80E8CA828, OS:26.2, name:iPhone Air }
{ platform:macOS, arch:arm64, id:00008132-001204563A0B801C, name:My Mac }
{ platform:macOS, arch:x86_64, id:00008132-001204563A0B801C, name:My Mac }
{ platform:iOS, id:dvtdevice-DVTiPhonePlaceholder-iphoneos:placeholder, name:Any iOS Device }
{ platform:macOS, name:Any Mac }
{ platform:iOS, arch:arm64, id:00008110-0019242E0143801E, name:iPhone 13 muonium }
ComputePackagePrebuildTargetDependencyGraph

Prepare packages

CreateBuildRequest

SendProjectDescription

CreateBuildOperation

ComputeTargetDependencyGraph
note: Building targets in dependency order
note: Target dependency graph (1 target)
    Target 'ScientificCalculator' in project 'ScientificCalculator' (no dependencies)

GatherProvisioningInputs

CreateBuildDescription

ExecuteExternalTool /Applications/Xcode.app/Contents/Developer/Toolchains/XcodeDefault.xctoolchain/usr/bin/clang -v -E -dM -isysroot /Applications/Xcode.app/Contents/Developer/Platforms/iPhoneSimulator.platform/Developer/SDKs/iPhoneSimulator26.2.sdk -x c -c /dev/null

ExecuteExternalTool /Applications/Xcode.app/Contents/Developer/Toolchains/XcodeDefault.xctoolchain/usr/bin/swiftc --version

ExecuteExternalTool /Applications/Xcode.app/Contents/Developer/Toolchains/XcodeDefault.xctoolchain/usr/bin/ld -version_details

Build description signature: ec79fc887b7542cde8be83da1d382419
Build description path: /Users/sanathbs/Library/Developer/Xcode/DerivedData/ScientificCalculator-axuwvmqixrburwgombpdczohsqyr/Build/Intermediates.noindex/XCBuildData/ec79fc887b7542cde8be83da1d382419.xcbuilddata
ClangStatCache /Applications/Xcode.app/Contents/Developer/Toolchains/XcodeDefault.xctoolchain/usr/bin/clang-stat-cache /Applications/Xcode.app/Contents/Developer/Platforms/iPhoneSimulator.platform/Developer/SDKs/iPhoneSimulator26.2.sdk /Users/sanathbs/Library/Developer/Xcode/DerivedData/SDKStatCaches.noindex/iphonesimulator26.2-23C53-7d00a8b37fbd7999ea79df8ebc024bf0.sdkstatcache
    cd /Users/sanathbs/03_Dev_Lab/01_IOS\ Build/scientific-calculator/ScientificCalculator.xcodeproj
    /Applications/Xcode.app/Contents/Developer/Toolchains/XcodeDefault.xctoolchain/usr/bin/clang-stat-cache /Applications/Xcode.app/Contents/Developer/Platforms/iPhoneSimulator.platform/Developer/SDKs/iPhoneSimulator26.2.sdk -o /Users/sanathbs/Library/Developer/Xcode/DerivedData/SDKStatCaches.noindex/iphonesimulator26.2-23C53-7d00a8b37fbd7999ea79df8ebc024bf0.sdkstatcache

ProcessProductPackaging /Users/sanathbs/03_Dev_Lab/01_IOS\ Build/scientific-calculator/ScientificCalculator/ScientificCalculator.entitlements /Users/sanathbs/Library/Developer/Xcode/DerivedData/ScientificCalculator-axuwvmqixrburwgombpdczohsqyr/Build/Intermediates.noindex/ScientificCalculator.build/Debug-iphonesimulator/ScientificCalculator.build/ScientificCalculator.app.xcent (in target 'ScientificCalculator' from project 'ScientificCalculator')
    cd /Users/sanathbs/03_Dev_Lab/01_IOS\ Build/scientific-calculator
    
    Entitlements:
    
    {
}
    
    builtin-productPackagingUtility /Users/sanathbs/03_Dev_Lab/01_IOS\ Build/scientific-calculator/ScientificCalculator/ScientificCalculator.entitlements -entitlements -format xml -o /Users/sanathbs/Library/Developer/Xcode/DerivedData/ScientificCalculator-axuwvmqixrburwgombpdczohsqyr/Build/Intermediates.noindex/ScientificCalculator.build/Debug-iphonesimulator/ScientificCalculator.build/ScientificCalculator.app.xcent

ProcessProductPackaging /Users/sanathbs/03_Dev_Lab/01_IOS\ Build/scientific-calculator/ScientificCalculator/ScientificCalculator.entitlements /Users/sanathbs/Library/Developer/Xcode/DerivedData/ScientificCalculator-axuwvmqixrburwgombpdczohsqyr/Build/Intermediates.noindex/ScientificCalculator.build/Debug-iphonesimulator/ScientificCalculator.build/ScientificCalculator.app-Simulated.xcent (in target 'ScientificCalculator' from project 'ScientificCalculator')
    cd /Users/sanathbs/03_Dev_Lab/01_IOS\ Build/scientific-calculator
    
    Entitlements:
    
    {
    "application-identifier" = "MR58FRAV23.com.scientificcalculator.core";
}
    
    builtin-productPackagingUtility /Users/sanathbs/03_Dev_Lab/01_IOS\ Build/scientific-calculator/ScientificCalculator/ScientificCalculator.entitlements -entitlements -format xml -o /Users/sanathbs/Library/Developer/Xcode/DerivedData/ScientificCalculator-axuwvmqixrburwgombpdczohsqyr/Build/Intermediates.noindex/ScientificCalculator.build/Debug-iphonesimulator/ScientificCalculator.build/ScientificCalculator.app-Simulated.xcent

ProcessProductPackagingDER /Users/sanathbs/Library/Developer/Xcode/DerivedData/ScientificCalculator-axuwvmqixrburwgombpdczohsqyr/Build/Intermediates.noindex/ScientificCalculator.build/Debug-iphonesimulator/ScientificCalculator.build/ScientificCalculator.app-Simulated.xcent /Users/sanathbs/Library/Developer/Xcode/DerivedData/ScientificCalculator-axuwvmqixrburwgombpdczohsqyr/Build/Intermediates.noindex/ScientificCalculator.build/Debug-iphonesimulator/ScientificCalculator.build/ScientificCalculator.app-Simulated.xcent.der (in target 'ScientificCalculator' from project 'ScientificCalculator')
    cd /Users/sanathbs/03_Dev_Lab/01_IOS\ Build/scientific-calculator
    /usr/bin/derq query -f xml -i /Users/sanathbs/Library/Developer/Xcode/DerivedData/ScientificCalculator-axuwvmqixrburwgombpdczohsqyr/Build/Intermediates.noindex/ScientificCalculator.build/Debug-iphonesimulator/ScientificCalculator.build/ScientificCalculator.app-Simulated.xcent -o /Users/sanathbs/Library/Developer/Xcode/DerivedData/ScientificCalculator-axuwvmqixrburwgombpdczohsqyr/Build/Intermediates.noindex/ScientificCalculator.build/Debug-iphonesimulator/ScientificCalculator.build/ScientificCalculator.app-Simulated.xcent.der --raw

ProcessProductPackagingDER /Users/sanathbs/Library/Developer/Xcode/DerivedData/ScientificCalculator-axuwvmqixrburwgombpdczohsqyr/Build/Intermediates.noindex/ScientificCalculator.build/Debug-iphonesimulator/ScientificCalculator.build/ScientificCalculator.app.xcent /Users/sanathbs/Library/Developer/Xcode/DerivedData/ScientificCalculator-axuwvmqixrburwgombpdczohsqyr/Build/Intermediates.noindex/ScientificCalculator.build/Debug-iphonesimulator/ScientificCalculator.build/ScientificCalculator.app.xcent.der (in target 'ScientificCalculator' from project 'ScientificCalculator')
    cd /Users/sanathbs/03_Dev_Lab/01_IOS\ Build/scientific-calculator
    /usr/bin/derq query -f xml -i /Users/sanathbs/Library/Developer/Xcode/DerivedData/ScientificCalculator-axuwvmqixrburwgombpdczohsqyr/Build/Intermediates.noindex/ScientificCalculator.build/Debug-iphonesimulator/ScientificCalculator.build/ScientificCalculator.app.xcent -o /Users/sanathbs/Library/Developer/Xcode/DerivedData/ScientificCalculator-axuwvmqixrburwgombpdczohsqyr/Build/Intermediates.noindex/ScientificCalculator.build/Debug-iphonesimulator/ScientificCalculator.build/ScientificCalculator.app.xcent.der --raw

ProcessInfoPlistFile /Users/sanathbs/Library/Developer/Xcode/DerivedData/ScientificCalculator-axuwvmqixrburwgombpdczohsqyr/Build/Products/Debug-iphonesimulator/ScientificCalculator.app/Info.plist /Users/sanathbs/Library/Developer/Xcode/DerivedData/ScientificCalculator-axuwvmqixrburwgombpdczohsqyr/Build/Intermediates.noindex/ScientificCalculator.build/Debug-iphonesimulator/ScientificCalculator.build/empty-ScientificCalculator.plist (in target 'ScientificCalculator' from project 'ScientificCalculator')
    cd /Users/sanathbs/03_Dev_Lab/01_IOS\ Build/scientific-calculator
    builtin-infoPlistUtility /Users/sanathbs/Library/Developer/Xcode/DerivedData/ScientificCalculator-axuwvmqixrburwgombpdczohsqyr/Build/Intermediates.noindex/ScientificCalculator.build/Debug-iphonesimulator/ScientificCalculator.build/empty-ScientificCalculator.plist -producttype com.apple.product-type.application -genpkginfo /Users/sanathbs/Library/Developer/Xcode/DerivedData/ScientificCalculator-axuwvmqixrburwgombpdczohsqyr/Build/Products/Debug-iphonesimulator/ScientificCalculator.app/PkgInfo -expandbuildsettings -format binary -platform iphonesimulator -o /Users/sanathbs/Library/Developer/Xcode/DerivedData/ScientificCalculator-axuwvmqixrburwgombpdczohsqyr/Build/Products/Debug-iphonesimulator/ScientificCalculator.app/Info.plist

SwiftDriver ScientificCalculator normal arm64 com.apple.xcode.tools.swift.compiler (in target 'ScientificCalculator' from project 'ScientificCalculator')
    cd /Users/sanathbs/03_Dev_Lab/01_IOS\ Build/scientific-calculator
    builtin-SwiftDriver -- /Applications/Xcode.app/Contents/Developer/Toolchains/XcodeDefault.xctoolchain/usr/bin/swiftc -module-name ScientificCalculator -Onone -enforce-exclusivity\=checked @/Users/sanathbs/Library/Developer/Xcode/DerivedData/ScientificCalculator-axuwvmqixrburwgombpdczohsqyr/Build/Intermediates.noindex/ScientificCalculator.build/Debug-iphonesimulator/ScientificCalculator.build/Objects-normal/arm64/ScientificCalculator.SwiftFileList -DDEBUG -enable-bare-slash-regex -enable-experimental-feature DebugDescriptionMacro -sdk /Applications/Xcode.app/Contents/Developer/Platforms/iPhoneSimulator.platform/Developer/SDKs/iPhoneSimulator26.2.sdk -target arm64-apple-ios17.6-simulator -g -module-cache-path /Users/sanathbs/Library/Developer/Xcode/DerivedData/ModuleCache.noindex -Xfrontend -serialize-debugging-options -profile-coverage-mapping -profile-generate -enable-testing -index-store-path /Users/sanathbs/Library/Developer/Xcode/DerivedData/ScientificCalculator-axuwvmqixrburwgombpdczohsqyr/Index.noindex/DataStore -Xcc -D_LIBCPP_HARDENING_MODE\=_LIBCPP_HARDENING_MODE_DEBUG -swift-version 5 -I /Users/sanathbs/Library/Developer/Xcode/DerivedData/ScientificCalculator-axuwvmqixrburwgombpdczohsqyr/Build/Products/Debug-iphonesimulator -F /Users/sanathbs/Library/Developer/Xcode/DerivedData/ScientificCalculator-axuwvmqixrburwgombpdczohsqyr/Build/Products/Debug-iphonesimulator -emit-localized-strings -emit-localized-strings-path /Users/sanathbs/Library/Developer/Xcode/DerivedData/ScientificCalculator-axuwvmqixrburwgombpdczohsqyr/Build/Intermediates.noindex/ScientificCalculator.build/Debug-iphonesimulator/ScientificCalculator.build/Objects-normal/arm64 -c -j10 -enable-batch-mode -incremental -Xcc -ivfsstatcache -Xcc /Users/sanathbs/Library/Developer/Xcode/DerivedData/SDKStatCaches.noindex/iphonesimulator26.2-23C53-7d00a8b37fbd7999ea79df8ebc024bf0.sdkstatcache -output-file-map /Users/sanathbs/Library/Developer/Xcode/DerivedData/ScientificCalculator-axuwvmqixrburwgombpdczohsqyr/Build/Intermediates.noindex/ScientificCalculator.build/Debug-iphonesimulator/ScientificCalculator.build/Objects-normal/arm64/ScientificCalculator-OutputFileMap.json -use-frontend-parseable-output -save-temps -no-color-diagnostics -explicit-module-build -module-cache-path /Users/sanathbs/Library/Developer/Xcode/DerivedData/ScientificCalculator-axuwvmqixrburwgombpdczohsqyr/Build/Intermediates.noindex/SwiftExplicitPrecompiledModules -clang-scanner-module-cache-path /Users/sanathbs/Library/Developer/Xcode/DerivedData/ModuleCache.noindex -sdk-module-cache-path /Users/sanathbs/Library/Developer/Xcode/DerivedData/ModuleCache.noindex -serialize-diagnostics -emit-dependencies -emit-module -emit-module-path /Users/sanathbs/Library/Developer/Xcode/DerivedData/ScientificCalculator-axuwvmqixrburwgombpdczohsqyr/Build/Intermediates.noindex/ScientificCalculator.build/Debug-iphonesimulator/ScientificCalculator.build/Objects-normal/arm64/ScientificCalculator.swiftmodule -validate-clang-modules-once -clang-build-session-file /Users/sanathbs/Library/Developer/Xcode/DerivedData/ModuleCache.noindex/Session.modulevalidation -Xcc -I/Users/sanathbs/Library/Developer/Xcode/DerivedData/ScientificCalculator-axuwvmqixrburwgombpdczohsqyr/Build/Intermediates.noindex/ScientificCalculator.build/Debug-iphonesimulator/ScientificCalculator.build/swift-overrides.hmap -emit-const-values -Xfrontend -const-gather-protocols-file -Xfrontend /Users/sanathbs/Library/Developer/Xcode/DerivedData/ScientificCalculator-axuwvmqixrburwgombpdczohsqyr/Build/Intermediates.noindex/ScientificCalculator.build/Debug-iphonesimulator/ScientificCalculator.build/Objects-normal/arm64/ScientificCalculator_const_extract_protocols.json -Xcc -iquote -Xcc /Users/sanathbs/Library/Developer/Xcode/DerivedData/ScientificCalculator-axuwvmqixrburwgombpdczohsqyr/Build/Intermediates.noindex/ScientificCalculator.build/Debug-iphonesimulator/ScientificCalculator.build/ScientificCalculator-generated-files.hmap -Xcc -I/Users/sanathbs/Library/Developer/Xcode/DerivedData/ScientificCalculator-axuwvmqixrburwgombpdczohsqyr/Build/Intermediates.noindex/ScientificCalculator.build/Debug-iphonesimulator/ScientificCalculator.build/ScientificCalculator-own-target-headers.hmap -Xcc -I/Users/sanathbs/Library/Developer/Xcode/DerivedData/ScientificCalculator-axuwvmqixrburwgombpdczohsqyr/Build/Intermediates.noindex/ScientificCalculator.build/Debug-iphonesimulator/ScientificCalculator.build/ScientificCalculator-all-target-headers.hmap -Xcc -iquote -Xcc /Users/sanathbs/Library/Developer/Xcode/DerivedData/ScientificCalculator-axuwvmqixrburwgombpdczohsqyr/Build/Intermediates.noindex/ScientificCalculator.build/Debug-iphonesimulator/ScientificCalculator.build/ScientificCalculator-project-headers.hmap -Xcc -I/Users/sanathbs/Library/Developer/Xcode/DerivedData/ScientificCalculator-axuwvmqixrburwgombpdczohsqyr/Build/Products/Debug-iphonesimulator/include -Xcc -I/Users/sanathbs/Library/Developer/Xcode/DerivedData/ScientificCalculator-axuwvmqixrburwgombpdczohsqyr/Build/Intermediates.noindex/ScientificCalculator.build/Debug-iphonesimulator/ScientificCalculator.build/DerivedSources-normal/arm64 -Xcc -I/Users/sanathbs/Library/Developer/Xcode/DerivedData/ScientificCalculator-axuwvmqixrburwgombpdczohsqyr/Build/Intermediates.noindex/ScientificCalculator.build/Debug-iphonesimulator/ScientificCalculator.build/DerivedSources/arm64 -Xcc -I/Users/sanathbs/Library/Developer/Xcode/DerivedData/ScientificCalculator-axuwvmqixrburwgombpdczohsqyr/Build/Intermediates.noindex/ScientificCalculator.build/Debug-iphonesimulator/ScientificCalculator.build/DerivedSources -Xcc -DACCELERATE_NEW_LAPACK\=1 -Xcc -DDEBUG\=1 -emit-objc-header -emit-objc-header-path /Users/sanathbs/Library/Developer/Xcode/DerivedData/ScientificCalculator-axuwvmqixrburwgombpdczohsqyr/Build/Intermediates.noindex/ScientificCalculator.build/Debug-iphonesimulator/ScientificCalculator.build/Objects-normal/arm64/ScientificCalculator-Swift.h -working-directory /Users/sanathbs/03_Dev_Lab/01_IOS\ Build/scientific-calculator -experimental-emit-module-separately -disable-cmo

SwiftDriver ScientificCalculator normal x86_64 com.apple.xcode.tools.swift.compiler (in target 'ScientificCalculator' from project 'ScientificCalculator')
    cd /Users/sanathbs/03_Dev_Lab/01_IOS\ Build/scientific-calculator
    builtin-SwiftDriver -- /Applications/Xcode.app/Contents/Developer/Toolchains/XcodeDefault.xctoolchain/usr/bin/swiftc -module-name ScientificCalculator -Onone -enforce-exclusivity\=checked @/Users/sanathbs/Library/Developer/Xcode/DerivedData/ScientificCalculator-axuwvmqixrburwgombpdczohsqyr/Build/Intermediates.noindex/ScientificCalculator.build/Debug-iphonesimulator/ScientificCalculator.build/Objects-normal/x86_64/ScientificCalculator.SwiftFileList -DDEBUG -enable-bare-slash-regex -enable-experimental-feature DebugDescriptionMacro -sdk /Applications/Xcode.app/Contents/Developer/Platforms/iPhoneSimulator.platform/Developer/SDKs/iPhoneSimulator26.2.sdk -target x86_64-apple-ios17.6-simulator -g -module-cache-path /Users/sanathbs/Library/Developer/Xcode/DerivedData/ModuleCache.noindex -Xfrontend -serialize-debugging-options -profile-coverage-mapping -profile-generate -enable-testing -index-store-path /Users/sanathbs/Library/Developer/Xcode/DerivedData/ScientificCalculator-axuwvmqixrburwgombpdczohsqyr/Index.noindex/DataStore -Xcc -D_LIBCPP_HARDENING_MODE\=_LIBCPP_HARDENING_MODE_DEBUG -swift-version 5 -I /Users/sanathbs/Library/Developer/Xcode/DerivedData/ScientificCalculator-axuwvmqixrburwgombpdczohsqyr/Build/Products/Debug-iphonesimulator -F /Users/sanathbs/Library/Developer/Xcode/DerivedData/ScientificCalculator-axuwvmqixrburwgombpdczohsqyr/Build/Products/Debug-iphonesimulator -emit-localized-strings -emit-localized-strings-path /Users/sanathbs/Library/Developer/Xcode/DerivedData/ScientificCalculator-axuwvmqixrburwgombpdczohsqyr/Build/Intermediates.noindex/ScientificCalculator.build/Debug-iphonesimulator/ScientificCalculator.build/Objects-normal/x86_64 -c -j10 -enable-batch-mode -incremental -Xcc -ivfsstatcache -Xcc /Users/sanathbs/Library/Developer/Xcode/DerivedData/SDKStatCaches.noindex/iphonesimulator26.2-23C53-7d00a8b37fbd7999ea79df8ebc024bf0.sdkstatcache -output-file-map /Users/sanathbs/Library/Developer/Xcode/DerivedData/ScientificCalculator-axuwvmqixrburwgombpdczohsqyr/Build/Intermediates.noindex/ScientificCalculator.build/Debug-iphonesimulator/ScientificCalculator.build/Objects-normal/x86_64/ScientificCalculator-OutputFileMap.json -use-frontend-parseable-output -save-temps -no-color-diagnostics -explicit-module-build -module-cache-path /Users/sanathbs/Library/Developer/Xcode/DerivedData/ScientificCalculator-axuwvmqixrburwgombpdczohsqyr/Build/Intermediates.noindex/SwiftExplicitPrecompiledModules -clang-scanner-module-cache-path /Users/sanathbs/Library/Developer/Xcode/DerivedData/ModuleCache.noindex -sdk-module-cache-path /Users/sanathbs/Library/Developer/Xcode/DerivedData/ModuleCache.noindex -serialize-diagnostics -emit-dependencies -emit-module -emit-module-path /Users/sanathbs/Library/Developer/Xcode/DerivedData/ScientificCalculator-axuwvmqixrburwgombpdczohsqyr/Build/Intermediates.noindex/ScientificCalculator.build/Debug-iphonesimulator/ScientificCalculator.build/Objects-normal/x86_64/ScientificCalculator.swiftmodule -validate-clang-modules-once -clang-build-session-file /Users/sanathbs/Library/Developer/Xcode/DerivedData/ModuleCache.noindex/Session.modulevalidation -Xcc -I/Users/sanathbs/Library/Developer/Xcode/DerivedData/ScientificCalculator-axuwvmqixrburwgombpdczohsqyr/Build/Intermediates.noindex/ScientificCalculator.build/Debug-iphonesimulator/ScientificCalculator.build/swift-overrides.hmap -emit-const-values -Xfrontend -const-gather-protocols-file -Xfrontend /Users/sanathbs/Library/Developer/Xcode/DerivedData/ScientificCalculator-axuwvmqixrburwgombpdczohsqyr/Build/Intermediates.noindex/ScientificCalculator.build/Debug-iphonesimulator/ScientificCalculator.build/Objects-normal/x86_64/ScientificCalculator_const_extract_protocols.json -Xcc -iquote -Xcc /Users/sanathbs/Library/Developer/Xcode/DerivedData/ScientificCalculator-axuwvmqixrburwgombpdczohsqyr/Build/Intermediates.noindex/ScientificCalculator.build/Debug-iphonesimulator/ScientificCalculator.build/ScientificCalculator-generated-files.hmap -Xcc -I/Users/sanathbs/Library/Developer/Xcode/DerivedData/ScientificCalculator-axuwvmqixrburwgombpdczohsqyr/Build/Intermediates.noindex/ScientificCalculator.build/Debug-iphonesimulator/ScientificCalculator.build/ScientificCalculator-own-target-headers.hmap -Xcc -I/Users/sanathbs/Library/Developer/Xcode/DerivedData/ScientificCalculator-axuwvmqixrburwgombpdczohsqyr/Build/Intermediates.noindex/ScientificCalculator.build/Debug-iphonesimulator/ScientificCalculator.build/ScientificCalculator-all-target-headers.hmap -Xcc -iquote -Xcc /Users/sanathbs/Library/Developer/Xcode/DerivedData/ScientificCalculator-axuwvmqixrburwgombpdczohsqyr/Build/Intermediates.noindex/ScientificCalculator.build/Debug-iphonesimulator/ScientificCalculator.build/ScientificCalculator-project-headers.hmap -Xcc -I/Users/sanathbs/Library/Developer/Xcode/DerivedData/ScientificCalculator-axuwvmqixrburwgombpdczohsqyr/Build/Products/Debug-iphonesimulator/include -Xcc -I/Users/sanathbs/Library/Developer/Xcode/DerivedData/ScientificCalculator-axuwvmqixrburwgombpdczohsqyr/Build/Intermediates.noindex/ScientificCalculator.build/Debug-iphonesimulator/ScientificCalculator.build/DerivedSources-normal/x86_64 -Xcc -I/Users/sanathbs/Library/Developer/Xcode/DerivedData/ScientificCalculator-axuwvmqixrburwgombpdczohsqyr/Build/Intermediates.noindex/ScientificCalculator.build/Debug-iphonesimulator/ScientificCalculator.build/DerivedSources/x86_64 -Xcc -I/Users/sanathbs/Library/Developer/Xcode/DerivedData/ScientificCalculator-axuwvmqixrburwgombpdczohsqyr/Build/Intermediates.noindex/ScientificCalculator.build/Debug-iphonesimulator/ScientificCalculator.build/DerivedSources -Xcc -DACCELERATE_NEW_LAPACK\=1 -Xcc -DDEBUG\=1 -emit-objc-header -emit-objc-header-path /Users/sanathbs/Library/Developer/Xcode/DerivedData/ScientificCalculator-axuwvmqixrburwgombpdczohsqyr/Build/Intermediates.noindex/ScientificCalculator.build/Debug-iphonesimulator/ScientificCalculator.build/Objects-normal/x86_64/ScientificCalculator-Swift.h -working-directory /Users/sanathbs/03_Dev_Lab/01_IOS\ Build/scientific-calculator -experimental-emit-module-separately -disable-cmo

SwiftExplicitDependencyGeneratePcm arm64 /Users/sanathbs/Library/Developer/Xcode/DerivedData/ModuleCache.noindex/SwiftUI-59Z4311TA4BLIKODZL27YBOGP.pcm

SwiftExplicitDependencyGeneratePcm arm64 /Users/sanathbs/Library/Developer/Xcode/DerivedData/ModuleCache.noindex/PDFKit-D54TLPICK4JJJVXPJQQJCSRVQ.pcm

SwiftCompile normal x86_64 Compiling\ AssistantViewModel.swift,\ AssistantMetrics.swift,\ LocalAPIServer.swift,\ Operators.swift,\ Token.swift,\ Tokenizer.swift,\ Parser.swift,\ ParserError.swift /Users/sanathbs/03_Dev_Lab/01_IOS\ Build/scientific-calculator/ScientificCalculator/Assistant/AssistantViewModel.swift /Users/sanathbs/03_Dev_Lab/01_IOS\ Build/scientific-calculator/ScientificCalculator/Assistant/AssistantMetrics.swift /Users/sanathbs/03_Dev_Lab/01_IOS\ Build/scientific-calculator/ScientificCalculator/Assistant/LocalAPIServer.swift /Users/sanathbs/03_Dev_Lab/01_IOS\ Build/scientific-calculator/ScientificCalculator/AST/Operators.swift /Users/sanathbs/03_Dev_Lab/01_IOS\ Build/scientific-calculator/ScientificCalculator/Parser/Token.swift /Users/sanathbs/03_Dev_Lab/01_IOS\ Build/scientific-calculator/ScientificCalculator/Parser/Tokenizer.swift /Users/sanathbs/03_Dev_Lab/01_IOS\ Build/scientific-calculator/ScientificCalculator/Parser/Parser.swift /Users/sanathbs/03_Dev_Lab/01_IOS\ Build/scientific-calculator/ScientificCalculator/Parser/ParserError.swift (in target 'ScientificCalculator' from project 'ScientificCalculator')
SwiftCompile normal x86_64 /Users/sanathbs/03_Dev_Lab/01_IOS\ Build/scientific-calculator/ScientificCalculator/Assistant/AssistantViewModel.swift (in target 'ScientificCalculator' from project 'ScientificCalculator')
    cd /Users/sanathbs/03_Dev_Lab/01_IOS\ Build/scientific-calculator
    

SwiftCompile normal x86_64 /Users/sanathbs/03_Dev_Lab/01_IOS\ Build/scientific-calculator/ScientificCalculator/Assistant/AssistantMetrics.swift (in target 'ScientificCalculator' from project 'ScientificCalculator')
    cd /Users/sanathbs/03_Dev_Lab/01_IOS\ Build/scientific-calculator
    

SwiftCompile normal x86_64 /Users/sanathbs/03_Dev_Lab/01_IOS\ Build/scientific-calculator/ScientificCalculator/Assistant/LocalAPIServer.swift (in target 'ScientificCalculator' from project 'ScientificCalculator')
    cd /Users/sanathbs/03_Dev_Lab/01_IOS\ Build/scientific-calculator
    

SwiftCompile normal x86_64 /Users/sanathbs/03_Dev_Lab/01_IOS\ Build/scientific-calculator/ScientificCalculator/AST/Operators.swift (in target 'ScientificCalculator' from project 'ScientificCalculator')
    cd /Users/sanathbs/03_Dev_Lab/01_IOS\ Build/scientific-calculator
    

SwiftCompile normal x86_64 /Users/sanathbs/03_Dev_Lab/01_IOS\ Build/scientific-calculator/ScientificCalculator/Parser/Token.swift (in target 'ScientificCalculator' from project 'ScientificCalculator')
    cd /Users/sanathbs/03_Dev_Lab/01_IOS\ Build/scientific-calculator
    

SwiftCompile normal x86_64 /Users/sanathbs/03_Dev_Lab/01_IOS\ Build/scientific-calculator/ScientificCalculator/Parser/Tokenizer.swift (in target 'ScientificCalculator' from project 'ScientificCalculator')
    cd /Users/sanathbs/03_Dev_Lab/01_IOS\ Build/scientific-calculator
    

SwiftCompile normal x86_64 /Users/sanathbs/03_Dev_Lab/01_IOS\ Build/scientific-calculator/ScientificCalculator/Parser/Parser.swift (in target 'ScientificCalculator' from project 'ScientificCalculator')
    cd /Users/sanathbs/03_Dev_Lab/01_IOS\ Build/scientific-calculator
    

SwiftCompile normal x86_64 /Users/sanathbs/03_Dev_Lab/01_IOS\ Build/scientific-calculator/ScientificCalculator/Parser/ParserError.swift (in target 'ScientificCalculator' from project 'ScientificCalculator')
    cd /Users/sanathbs/03_Dev_Lab/01_IOS\ Build/scientific-calculator
    

SwiftCompile normal x86_64 Compiling\ DashboardView.swift,\ DashboardViewModel.swift,\ DashboardPlotCard.swift,\ DashboardConstantsCard.swift,\ AppNavigationView.swift,\ NotebookModel.swift,\ NotebookViewModel.swift,\ BlockViews.swift /Users/sanathbs/03_Dev_Lab/01_IOS\ Build/scientific-calculator/ScientificCalculator/UI/Dashboard/DashboardView.swift /Users/sanathbs/03_Dev_Lab/01_IOS\ Build/scientific-calculator/ScientificCalculator/UI/Dashboard/DashboardViewModel.swift /Users/sanathbs/03_Dev_Lab/01_IOS\ Build/scientific-calculator/ScientificCalculator/UI/Dashboard/DashboardPlotCard.swift /Users/sanathbs/03_Dev_Lab/01_IOS\ Build/scientific-calculator/ScientificCalculator/UI/Dashboard/DashboardConstantsCard.swift /Users/sanathbs/03_Dev_Lab/01_IOS\ Build/scientific-calculator/ScientificCalculator/UI/Navigation/AppNavigationView.swift /Users/sanathbs/03_Dev_Lab/01_IOS\ Build/scientific-calculator/ScientificCalculator/UI/Notebook/NotebookModel.swift /Users/sanathbs/03_Dev_Lab/01_IOS\ Build/scientific-calculator/ScientificCalculator/UI/Notebook/NotebookViewModel.swift /Users/sanathbs/03_Dev_Lab/01_IOS\ Build/scientific-calculator/ScientificCalculator/UI/Notebook/BlockViews.swift (in target 'ScientificCalculator' from project 'ScientificCalculator')

SwiftCompile normal x86_64 /Users/sanathbs/03_Dev_Lab/01_IOS\ Build/scientific-calculator/ScientificCalculator/UI/Dashboard/DashboardView.swift (in target 'ScientificCalculator' from project 'ScientificCalculator')
    cd /Users/sanathbs/03_Dev_Lab/01_IOS\ Build/scientific-calculator
    

SwiftCompile normal x86_64 /Users/sanathbs/03_Dev_Lab/01_IOS\ Build/scientific-calculator/ScientificCalculator/UI/Dashboard/DashboardViewModel.swift (in target 'ScientificCalculator' from project 'ScientificCalculator')
    cd /Users/sanathbs/03_Dev_Lab/01_IOS\ Build/scientific-calculator
    

SwiftCompile normal x86_64 /Users/sanathbs/03_Dev_Lab/01_IOS\ Build/scientific-calculator/ScientificCalculator/UI/Dashboard/DashboardPlotCard.swift (in target 'ScientificCalculator' from project 'ScientificCalculator')
    cd /Users/sanathbs/03_Dev_Lab/01_IOS\ Build/scientific-calculator
    

SwiftCompile normal x86_64 /Users/sanathbs/03_Dev_Lab/01_IOS\ Build/scientific-calculator/ScientificCalculator/UI/Dashboard/DashboardConstantsCard.swift (in target 'ScientificCalculator' from project 'ScientificCalculator')
    cd /Users/sanathbs/03_Dev_Lab/01_IOS\ Build/scientific-calculator
    

SwiftCompile normal x86_64 /Users/sanathbs/03_Dev_Lab/01_IOS\ Build/scientific-calculator/ScientificCalculator/UI/Navigation/AppNavigationView.swift (in target 'ScientificCalculator' from project 'ScientificCalculator')
    cd /Users/sanathbs/03_Dev_Lab/01_IOS\ Build/scientific-calculator
    

SwiftCompile normal x86_64 /Users/sanathbs/03_Dev_Lab/01_IOS\ Build/scientific-calculator/ScientificCalculator/UI/Notebook/NotebookModel.swift (in target 'ScientificCalculator' from project 'ScientificCalculator')
    cd /Users/sanathbs/03_Dev_Lab/01_IOS\ Build/scientific-calculator
    

SwiftCompile normal x86_64 /Users/sanathbs/03_Dev_Lab/01_IOS\ Build/scientific-calculator/ScientificCalculator/UI/Notebook/NotebookViewModel.swift (in target 'ScientificCalculator' from project 'ScientificCalculator')
    cd /Users/sanathbs/03_Dev_Lab/01_IOS\ Build/scientific-calculator
    

SwiftCompile normal x86_64 /Users/sanathbs/03_Dev_Lab/01_IOS\ Build/scientific-calculator/ScientificCalculator/UI/Notebook/BlockViews.swift (in target 'ScientificCalculator' from project 'ScientificCalculator')
    cd /Users/sanathbs/03_Dev_Lab/01_IOS\ Build/scientific-calculator
    

SwiftCompile normal x86_64 Compiling\ InputActionBar.swift,\ NotebookView.swift,\ ThemeManager.swift,\ CalculatorButton.swift,\ ScientificKeypad.swift,\ BasicKeypad.swift,\ NLSyntaxAnalyzer.swift,\ PythonServiceManager.swift /Users/sanathbs/03_Dev_Lab/01_IOS\ Build/scientific-calculator/ScientificCalculator/UI/Notebook/InputActionBar.swift /Users/sanathbs/03_Dev_Lab/01_IOS\ Build/scientific-calculator/ScientificCalculator/UI/Notebook/NotebookView.swift /Users/sanathbs/03_Dev_Lab/01_IOS\ Build/scientific-calculator/ScientificCalculator/UI/Theme/ThemeManager.swift /Users/sanathbs/03_Dev_Lab/01_IOS\ Build/scientific-calculator/ScientificCalculator/UI/Components/CalculatorButton.swift /Users/sanathbs/03_Dev_Lab/01_IOS\ Build/scientific-calculator/ScientificCalculator/UI/Keypad/ScientificKeypad.swift /Users/sanathbs/03_Dev_Lab/01_IOS\ Build/scientific-calculator/ScientificCalculator/UI/Keypad/BasicKeypad.swift /Users/sanathbs/03_Dev_Lab/01_IOS\ Build/scientific-calculator/ScientificCalculator/Assistant/NLSyntaxAnalyzer.swift /Users/sanathbs/03_Dev_Lab/01_IOS\ Build/scientific-calculator/ScientificCalculator/PythonBridge/PythonServiceManager.swift (in target 'ScientificCalculator' from project 'ScientificCalculator')

SwiftCompile normal x86_64 /Users/sanathbs/03_Dev_Lab/01_IOS\ Build/scientific-calculator/ScientificCalculator/UI/Notebook/InputActionBar.swift (in target 'ScientificCalculator' from project 'ScientificCalculator')
    cd /Users/sanathbs/03_Dev_Lab/01_IOS\ Build/scientific-calculator
    

SwiftCompile normal x86_64 /Users/sanathbs/03_Dev_Lab/01_IOS\ Build/scientific-calculator/ScientificCalculator/UI/Notebook/NotebookView.swift (in target 'ScientificCalculator' from project 'ScientificCalculator')
    cd /Users/sanathbs/03_Dev_Lab/01_IOS\ Build/scientific-calculator
    

SwiftCompile normal x86_64 /Users/sanathbs/03_Dev_Lab/01_IOS\ Build/scientific-calculator/ScientificCalculator/UI/Theme/ThemeManager.swift (in target 'ScientificCalculator' from project 'ScientificCalculator')
    cd /Users/sanathbs/03_Dev_Lab/01_IOS\ Build/scientific-calculator
    

SwiftCompile normal x86_64 /Users/sanathbs/03_Dev_Lab/01_IOS\ Build/scientific-calculator/ScientificCalculator/UI/Components/CalculatorButton.swift (in target 'ScientificCalculator' from project 'ScientificCalculator')
    cd /Users/sanathbs/03_Dev_Lab/01_IOS\ Build/scientific-calculator
    

SwiftCompile normal x86_64 /Users/sanathbs/03_Dev_Lab/01_IOS\ Build/scientific-calculator/ScientificCalculator/UI/Keypad/ScientificKeypad.swift (in target 'ScientificCalculator' from project 'ScientificCalculator')
    cd /Users/sanathbs/03_Dev_Lab/01_IOS\ Build/scientific-calculator
    

SwiftCompile normal x86_64 /Users/sanathbs/03_Dev_Lab/01_IOS\ Build/scientific-calculator/ScientificCalculator/UI/Keypad/BasicKeypad.swift (in target 'ScientificCalculator' from project 'ScientificCalculator')
    cd /Users/sanathbs/03_Dev_Lab/01_IOS\ Build/scientific-calculator
    

SwiftCompile normal x86_64 /Users/sanathbs/03_Dev_Lab/01_IOS\ Build/scientific-calculator/ScientificCalculator/Assistant/NLSyntaxAnalyzer.swift (in target 'ScientificCalculator' from project 'ScientificCalculator')
    cd /Users/sanathbs/03_Dev_Lab/01_IOS\ Build/scientific-calculator
    

SwiftCompile normal x86_64 /Users/sanathbs/03_Dev_Lab/01_IOS\ Build/scientific-calculator/ScientificCalculator/PythonBridge/PythonServiceManager.swift (in target 'ScientificCalculator' from project 'ScientificCalculator')
    cd /Users/sanathbs/03_Dev_Lab/01_IOS\ Build/scientific-calculator
    

SwiftEmitModule normal x86_64 Emitting\ module\ for\ ScientificCalculator (in target 'ScientificCalculator' from project 'ScientificCalculator')
Failed frontend command:
/Applications/Xcode.app/Contents/Developer/Toolchains/XcodeDefault.xctoolchain/usr/bin/swift-frontend -frontend -emit-module -experimental-skip-non-inlinable-function-bodies-without-types /Users/sanathbs/03_Dev_Lab/01_IOS\ Build/scientific-calculator/ScientificCalculator/UI/Dashboard/DashboardView.swift /Users/sanathbs/03_Dev_Lab/01_IOS\ Build/scientific-calculator/ScientificCalculator/UI/Dashboard/DashboardViewModel.swift /Users/sanathbs/03_Dev_Lab/01_IOS\ Build/scientific-calculator/ScientificCalculator/UI/Dashboard/DashboardPlotCard.swift /Users/sanathbs/03_Dev_Lab/01_IOS\ Build/scientific-calculator/ScientificCalculator/UI/Dashboard/DashboardConstantsCard.swift /Users/sanathbs/03_Dev_Lab/01_IOS\ Build/scientific-calculator/ScientificCalculator/UI/Navigation/AppNavigationView.swift /Users/sanathbs/03_Dev_Lab/01_IOS\ Build/scientific-calculator/ScientificCalculator/UI/Notebook/NotebookModel.swift /Users/sanathbs/03_Dev_Lab/01_IOS\ Build/scientific-calculator/ScientificCalculator/UI/Notebook/NotebookViewModel.swift /Users/sanathbs/03_Dev_Lab/01_IOS\ Build/scientific-calculator/ScientificCalculator/UI/Notebook/BlockViews.swift /Users/sanathbs/03_Dev_Lab/01_IOS\ Build/scientific-calculator/ScientificCalculator/UI/Notebook/InputActionBar.swift /Users/sanathbs/03_Dev_Lab/01_IOS\ Build/scientific-calculator/ScientificCalculator/UI/Notebook/NotebookView.swift /Users/sanathbs/03_Dev_Lab/01_IOS\ Build/scientific-calculator/ScientificCalculator/UI/Theme/ThemeManager.swift /Users/sanathbs/03_Dev_Lab/01_IOS\ Build/scientific-calculator/ScientificCalculator/UI/Components/CalculatorButton.swift /Users/sanathbs/03_Dev_Lab/01_IOS\ Build/scientific-calculator/ScientificCalculator/UI/Keypad/ScientificKeypad.swift /Users/sanathbs/03_Dev_Lab/01_IOS\ Build/scientific-calculator/ScientificCalculator/UI/Keypad/BasicKeypad.swift /Users/sanathbs/03_Dev_Lab/01_IOS\ Build/scientific-calculator/ScientificCalculator/Assistant/NLSyntaxAnalyzer.swift /Users/sanathbs/03_Dev_Lab/01_IOS\ Build/scientific-calculator/ScientificCalculator/PythonBridge/PythonServiceManager.swift /Users/sanathbs/03_Dev_Lab/01_IOS\ Build/scientific-calculator/ScientificCalculator/App/ScientificCalculatorApp.swift /Users/sanathbs/03_Dev_Lab/01_IOS\ Build/scientific-calculator/ScientificCalculator/UI/ContentView.swift /Users/sanathbs/03_Dev_Lab/01_IOS\ Build/scientific-calculator/ScientificCalculator/UI/CalculatorViewModel.swift /Users/sanathbs/03_Dev_Lab/01_IOS\ Build/scientific-calculator/ScientificCalculator/UI/VariableStore.swift /Users/sanathbs/03_Dev_Lab/01_IOS\ Build/scientific-calculator/ScientificCalculator/AST/Node.swift /Users/sanathbs/03_Dev_Lab/01_IOS\ Build/scientific-calculator/ScientificCalculator/Assistant/QuickSolverView.swift /Users/sanathbs/03_Dev_Lab/01_IOS\ Build/scientific-calculator/ScientificCalculator/Assistant/NLTranslator.swift /Users/sanathbs/03_Dev_Lab/01_IOS\ Build/scientific-calculator/ScientificCalculator/Assistant/AssistantView.swift /Users/sanathbs/03_Dev_Lab/01_IOS\ Build/scientific-calculator/ScientificCalculator/Assistant/AssistantViewModel.swift /Users/sanathbs/03_Dev_Lab/01_IOS\ Build/scientific-calculator/ScientificCalculator/Assistant/AssistantMetrics.swift /Users/sanathbs/03_Dev_Lab/01_IOS\ Build/scientific-calculator/ScientificCalculator/Assistant/LocalAPIServer.swift /Users/sanathbs/03_Dev_Lab/01_IOS\ Build/scientific-calculator/ScientificCalculator/AST/Operators.swift /Users/sanathbs/03_Dev_Lab/01_IOS\ Build/scientific-calculator/ScientificCalculator/Parser/Token.swift /Users/sanathbs/03_Dev_Lab/01_IOS\ Build/scientific-calculator/ScientificCalculator/Parser/Tokenizer.swift /Users/sanathbs/03_Dev_Lab/01_IOS\ Build/scientific-calculator/ScientificCalculator/Parser/Parser.swift /Users/sanathbs/03_Dev_Lab/01_IOS\ Build/scientific-calculator/ScientificCalculator/Parser/ParserError.swift /Users/sanathbs/03_Dev_Lab/01_IOS\ Build/scientific-calculator/ScientificCalculator/Engines/MathEngine.swift /Users/sanathbs/03_Dev_Lab/01_IOS\ Build/scientific-calculator/ScientificCalculator/Engines/NumericEngine.swift /Users/sanathbs/03_Dev_Lab/01_IOS\ Build/scientific-calculator/ScientificCalculator/Engines/Dispatcher.swift /Users/sanathbs/03_Dev_Lab/01_IOS\ Build/scientific-calculator/ScientificCalculator/Metrics/EvaluationMetrics.swift /Users/sanathbs/03_Dev_Lab/01_IOS\ Build/scientific-calculator/ScientificCalculator/Metrics/EvaluationReport.swift /Users/sanathbs/03_Dev_Lab/01_IOS\ Build/scientific-calculator/ScientificCalculator/Metrics/MetricsCollector.swift /Users/sanathbs/03_Dev_Lab/01_IOS\ Build/scientific-calculator/ScientificCalculator/Formatting/ResultFormatter.swift /Users/sanathbs/03_Dev_Lab/01_IOS\ Build/scientific-calculator/ScientificCalculator/Benchmarks/BenchmarkRunner.swift /Users/sanathbs/03_Dev_Lab/01_IOS\ Build/scientific-calculator/ScientificCalculator/Engines/SymbolicEngine.swift /Users/sanathbs/03_Dev_Lab/01_IOS\ Build/scientific-calculator/ScientificCalculator/PythonBridge/PythonClient.swift /Users/sanathbs/03_Dev_Lab/01_IOS\ Build/scientific-calculator/ScientificCalculator/Symbolic/ASTToSympyConverter.swift /Users/sanathbs/03_Dev_Lab/01_IOS\ Build/scientific-calculator/ScientificCalculator/Symbolic/LatexFormatter.swift /Users/sanathbs/03_Dev_Lab/01_IOS\ Build/scientific-calculator/ScientificCalculator/NumericTools/NumericToolMetrics.swift /Users/sanathbs/03_Dev_Lab/01_IOS\ Build/scientific-calculator/ScientificCalculator/NumericTools/MatrixEngine.swift /Users/sanathbs/03_Dev_Lab/01_IOS\ Build/scientific-calculator/ScientificCalculator/NumericTools/VectorEngine.swift /Users/sanathbs/03_Dev_Lab/01_IOS\ Build/scientific-calculator/ScientificCalculator/NumericTools/StatsEngine.swift /Users/sanathbs/03_Dev_Lab/01_IOS\ Build/scientific-calculator/ScientificCalculator/NumericTools/GraphEngine.swift /Users/sanathbs/03_Dev_Lab/01_IOS\ Build/scientific-calculator/ScientificCalculator/NumericTools/UnitsEngine.swift /Users/sanathbs/03_Dev_Lab/01_IOS\ Build/scientific-calculator/ScientificCalculator/NumericTools/Views/GraphToolView.swift /Users/sanathbs/03_Dev_Lab/01_IOS\ Build/scientific-calculator/ScientificCalculator/UI/Navigation/AppRoute.swift /Users/sanathbs/03_Dev_Lab/01_IOS\ Build/scientific-calculator/ScientificCalculator/UI/CircuitViewModel.swift /Users/sanathbs/03_Dev_Lab/01_IOS\ Build/scientific-calculator/ScientificCalculator/NumericTools/LogicEngine.swift /Users/sanathbs/03_Dev_Lab/01_IOS\ Build/scientific-calculator/ScientificCalculator/NumericTools/Views/MatrixToolView.swift /Users/sanathbs/03_Dev_Lab/01_IOS\ Build/scientific-calculator/ScientificCalculator/NumericTools/Views/VectorToolView.swift /Users/sanathbs/03_Dev_Lab/01_IOS\ Build/scientific-calculator/ScientificCalculator/NumericTools/Views/StatsToolView.swift /Users/sanathbs/03_Dev_Lab/01_IOS\ Build/scientific-calculator/ScientificCalculator/NumericTools/Views/UnitsToolView.swift /Users/sanathbs/03_Dev_Lab/01_IOS\ Build/scientific-calculator/ScientificCalculator/NumericTools/Views/CircuitToolView.swift /Users/sanathbs/03_Dev_Lab/01_IOS\ Build/scientific-calculator/ScientificCalculator/NumericTools/Views/LogicToolView.swift /Users/sanathbs/03_Dev_Lab/01_IOS\ Build/scientific-calculator/ScientificCalculator/NumericTools/GraphViewModel.swift /Users/sanathbs/03_Dev_Lab/01_IOS\ Build/scientific-calculator/ScientificCalculator/NumericTools/NumericToolsView.swift /Users/sanathbs/03_Dev_Lab/01_IOS\ Build/scientific-calculator/ScientificCalculator/Benchmarks/NumericToolsBenchmark.swift /Users/sanathbs/03_Dev_Lab/01_IOS\ Build/scientific-calculator/ScientificCalculator/OCREngine/OCRClient.swift /Users/sanathbs/03_Dev_Lab/01_IOS\ Build/scientific-calculator/ScientificCalculator/OCREngine/LatexNormalizer.swift /Users/sanathbs/03_Dev_Lab/01_IOS\ Build/scientific-calculator/ScientificCalculator/OCREngine/OCRPreprocessor.swift /Users/sanathbs/03_Dev_Lab/01_IOS\ Build/scientific-calculator/ScientificCalculator/OCREngine/OCRMetrics.swift /Users/sanathbs/03_Dev_Lab/01_IOS\ Build/scientific-calculator/ScientificCalculator/OCREngine/OCRViewModel.swift /Users/sanathbs/03_Dev_Lab/01_IOS\ Build/scientific-calculator/ScientificCalculator/OCREngine/OCRView.swift /Users/sanathbs/03_Dev_Lab/01_IOS\ Build/scientific-calculator/ScientificCalculator/UI/Dashboard/DashboardUnitConverterCard.swift /Users/sanathbs/03_Dev_Lab/01_IOS\ Build/scientific-calculator/ScientificCalculator/UI/Components/ExpressionInputView.swift /Users/sanathbs/03_Dev_Lab/01_IOS\ Build/scientific-calculator/ScientificCalculator/UI/Components/VariablesPanel.swift /Users/sanathbs/03_Dev_Lab/01_IOS\ Build/scientific-calculator/ScientificCalculator/UI/Components/PhysicsReference.swift /Users/sanathbs/03_Dev_Lab/01_IOS\ Build/scientific-calculator/ScientificCalculator/Parser/SyntaxValidator.swift -target x86_64-apple-ios17.6-simulator -module-can-import-version UIKit 9126.2.4.1 9126.2.4 -load-resolved-plugin /Applications/Xcode.app/Contents/Developer/Platforms/iPhoneOS.platform/Developer/usr/lib/swift/host/plugins/libFoundationMacros.dylib\#/Applications/Xcode.app/Contents/Developer/Platforms/iPhoneOS.platform/Developer/usr/bin/swift-plugin-server\#FoundationMacros -load-resolved-plugin /Applications/Xcode.app/Contents/Developer/Platforms/iPhoneOS.platform/Developer/usr/lib/swift/host/plugins/libObservationMacros.dylib\#/Applications/Xcode.app/Contents/Developer/Platforms/iPhoneOS.platform/Developer/usr/bin/swift-plugin-server\#ObservationMacros -load-resolved-plugin /Applications/Xcode.app/Contents/Developer/Platforms/iPhoneOS.platform/Developer/usr/lib/swift/host/plugins/libPreviewsMacros.dylib\#/Applications/Xcode.app/Contents/Developer/Platforms/iPhoneOS.platform/Developer/usr/bin/swift-plugin-server\#PreviewsMacros -load-resolved-plugin /Applications/Xcode.app/Contents/Developer/Platforms/iPhoneOS.platform/Developer/usr/lib/swift/host/plugins/libSwiftMacros.dylib\#/Applications/Xcode.app/Contents/Developer/Platforms/iPhoneOS.platform/Developer/usr/bin/swift-plugin-server\#SwiftMacros -load-resolved-plugin /Applications/Xcode.app/Contents/Developer/Platforms/iPhoneOS.platform/Developer/usr/lib/swift/host/plugins/libSwiftUIMacros.dylib\#/Applications/Xcode.app/Contents/Developer/Platforms/iPhoneOS.platform/Developer/usr/bin/swift-plugin-server\#SwiftUIMacros -disable-implicit-swift-modules -Xcc -fno-implicit-modules -Xcc -fno-implicit-module-maps -explicit-swift-module-map-file /Users/sanathbs/Library/Developer/Xcode/DerivedData/ScientificCalculator-axuwvmqixrburwgombpdczohsqyr/Build/Intermediates.noindex/ScientificCalculator.build/Debug-iphonesimulator/ScientificCalculator.build/Objects-normal/x86_64/ScientificCalculator-dependencies-2.json -enable-objc-interop -sdk /Applications/Xcode.app/Contents/Developer/Platforms/iPhoneSimulator.platform/Developer/SDKs/iPhoneSimulator26.2.sdk -I /Users/sanathbs/Library/Developer/Xcode/DerivedData/ScientificCalculator-axuwvmqixrburwgombpdczohsqyr/Build/Products/Debug-iphonesimulator -F /Users/sanathbs/Library/Developer/Xcode/DerivedData/ScientificCalculator-axuwvmqixrburwgombpdczohsqyr/Build/Products/Debug-iphonesimulator -no-color-diagnostics -Xcc -fno-color-diagnostics -enable-testing -g -debug-info-format\=dwarf -dwarf-version\=4 -module-cache-path /Users/sanathbs/Library/Developer/Xcode/DerivedData/ScientificCalculator-axuwvmqixrburwgombpdczohsqyr/Build/Intermediates.noindex/SwiftExplicitPrecompiledModules -profile-generate -profile-coverage-mapping -swift-version 5 -enforce-exclusivity\=checked -Onone -D DEBUG -serialize-debugging-options -const-gather-protocols-file /Users/sanathbs/Library/Developer/Xcode/DerivedData/ScientificCalculator-axuwvmqixrburwgombpdczohsqyr/Build/Intermediates.noindex/ScientificCalculator.build/Debug-iphonesimulator/ScientificCalculator.build/Objects-normal/x86_64/ScientificCalculator_const_extract_protocols.json -enable-experimental-feature DebugDescriptionMacro -enable-bare-slash-regex -empty-abi-descriptor -validate-clang-modules-once -clang-build-session-file /Users/sanathbs/Library/Developer/Xcode/DerivedData/ModuleCache.noindex/Session.modulevalidation -Xcc -working-directory -Xcc /Users/sanathbs/03_Dev_Lab/01_IOS\ Build/scientific-calculator -enable-anonymous-context-mangled-names -file-compilation-dir /Users/sanathbs/03_Dev_Lab/01_IOS\ Build/scientific-calculator -Xcc -D_LIBCPP_HARDENING_MODE\=_LIBCPP_HARDENING_MODE_DEBUG -Xcc -ivfsstatcache -Xcc /Users/sanathbs/Library/Developer/Xcode/DerivedData/SDKStatCaches.noindex/iphonesimulator26.2-23C53-7d00a8b37fbd7999ea79df8ebc024bf0.sdkstatcache -Xcc -I/Users/sanathbs/Library/Developer/Xcode/DerivedData/ScientificCalculator-axuwvmqixrburwgombpdczohsqyr/Build/Intermediates.noindex/ScientificCalculator.build/Debug-iphonesimulator/ScientificCalculator.build/swift-overrides.hmap -Xcc -iquote -Xcc /Users/sanathbs/Library/Developer/Xcode/DerivedData/ScientificCalculator-axuwvmqixrburwgombpdczohsqyr/Build/Intermediates.noindex/ScientificCalculator.build/Debug-iphonesimulator/ScientificCalculator.build/ScientificCalculator-generated-files.hmap -Xcc -I/Users/sanathbs/Library/Developer/Xcode/DerivedData/ScientificCalculator-axuwvmqixrburwgombpdczohsqyr/Build/Intermediates.noindex/ScientificCalculator.build/Debug-iphonesimulator/ScientificCalculator.build/ScientificCalculator-own-target-headers.hmap -Xcc -I/Users/sanathbs/Library/Developer/Xcode/DerivedData/ScientificCalculator-axuwvmqixrburwgombpdczohsqyr/Build/Intermediates.noindex/ScientificCalculator.build/Debug-iphonesimulator/ScientificCalculator.build/ScientificCalculator-all-target-headers.hmap -Xcc -iquote -Xcc /Users/sanathbs/Library/Developer/Xcode/DerivedData/ScientificCalculator-axuwvmqixrburwgombpdczohsqyr/Build/Intermediates.noindex/ScientificCalculator.build/Debug-iphonesimulator/ScientificCalculator.build/ScientificCalculator-project-headers.hmap -Xcc -I/Users/sanathbs/Library/Developer/Xcode/DerivedData/ScientificCalculator-axuwvmqixrburwgombpdczohsqyr/Build/Products/Debug-iphonesimulator/include -Xcc -I/Users/sanathbs/Library/Developer/Xcode/DerivedData/ScientificCalculator-axuwvmqixrburwgombpdczohsqyr/Build/Intermediates.noindex/ScientificCalculator.build/Debug-iphonesimulator/ScientificCalculator.build/DerivedSources-normal/x86_64 -Xcc -I/Users/sanathbs/Library/Developer/Xcode/DerivedData/ScientificCalculator-axuwvmqixrburwgombpdczohsqyr/Build/Intermediates.noindex/ScientificCalculator.build/Debug-iphonesimulator/ScientificCalculator.build/DerivedSources/x86_64 -Xcc -I/Users/sanathbs/Library/Developer/Xcode/DerivedData/ScientificCalculator-axuwvmqixrburwgombpdczohsqyr/Build/Intermediates.noindex/ScientificCalculator.build/Debug-iphonesimulator/ScientificCalculator.build/DerivedSources -Xcc -DACCELERATE_NEW_LAPACK\=1 -Xcc -DDEBUG\=1 -no-auto-bridging-header-chaining -module-name ScientificCalculator -frontend-parseable-output -disable-clang-spi -target-sdk-version 26.2 -target-sdk-name iphonesimulator26.2 -clang-target x86_64-apple-ios26.2-simulator -in-process-plugin-server-path /Applications/Xcode.app/Contents/Developer/Toolchains/XcodeDefault.xctoolchain/usr/lib/swift/host/libSwiftInProcPluginServer.dylib -emit-module-doc-path /Users/sanathbs/Library/Developer/Xcode/DerivedData/ScientificCalculator-axuwvmqixrburwgombpdczohsqyr/Build/Intermediates.noindex/ScientificCalculator.build/Debug-iphonesimulator/ScientificCalculator.build/Objects-normal/x86_64/ScientificCalculator.swiftdoc -emit-module-source-info-path /Users/sanathbs/Library/Developer/Xcode/DerivedData/ScientificCalculator-axuwvmqixrburwgombpdczohsqyr/Build/Intermediates.noindex/ScientificCalculator.build/Debug-iphonesimulator/ScientificCalculator.build/Objects-normal/x86_64/ScientificCalculator.swiftsourceinfo -emit-objc-header-path /Users/sanathbs/Library/Developer/Xcode/DerivedData/ScientificCalculator-axuwvmqixrburwgombpdczohsqyr/Build/Intermediates.noindex/ScientificCalculator.build/Debug-iphonesimulator/ScientificCalculator.build/Objects-normal/x86_64/ScientificCalculator-Swift.h -serialize-diagnostics-path /Users/sanathbs/Library/Developer/Xcode/DerivedData/ScientificCalculator-axuwvmqixrburwgombpdczohsqyr/Build/Intermediates.noindex/ScientificCalculator.build/Debug-iphonesimulator/ScientificCalculator.build/Objects-normal/x86_64/ScientificCalculator-primary-emit-module.dia -emit-dependencies-path /Users/sanathbs/Library/Developer/Xcode/DerivedData/ScientificCalculator-axuwvmqixrburwgombpdczohsqyr/Build/Intermediates.noindex/ScientificCalculator.build/Debug-iphonesimulator/ScientificCalculator.build/Objects-normal/x86_64/ScientificCalculator-primary-emit-module.d -o /Users/sanathbs/Library/Developer/Xcode/DerivedData/ScientificCalculator-axuwvmqixrburwgombpdczohsqyr/Build/Intermediates.noindex/ScientificCalculator.build/Debug-iphonesimulator/ScientificCalculator.build/Objects-normal/x86_64/ScientificCalculator.swiftmodule -emit-abi-descriptor-path /Users/sanathbs/Library/Developer/Xcode/DerivedData/ScientificCalculator-axuwvmqixrburwgombpdczohsqyr/Build/Intermediates.noindex/ScientificCalculator.build/Debug-iphonesimulator/ScientificCalculator.build/Objects-normal/x86_64/ScientificCalculator.abi.json

EmitSwiftModule normal x86_64 (in target 'ScientificCalculator' from project 'ScientificCalculator')
    cd /Users/sanathbs/03_Dev_Lab/01_IOS\ Build/scientific-calculator
    
/Users/sanathbs/03_Dev_Lab/01_IOS Build/scientific-calculator/ScientificCalculator/UI/Navigation/AppNavigationView.swift:9:43: error: cannot find type 'KeypadContextEngine' in scope
    @EnvironmentObject var keypadContext: KeypadContextEngine
                                          ^~~~~~~~~~~~~~~~~~~
/Users/sanathbs/03_Dev_Lab/01_IOS Build/scientific-calculator/ScientificCalculator/UI/Keypad/ScientificKeypad.swift:16:23: error: cannot find type 'ButtonCategory' in scope
        let category: ButtonCategory
                      ^~~~~~~~~~~~~~
/Users/sanathbs/03_Dev_Lab/01_IOS Build/scientific-calculator/ScientificCalculator/UI/Keypad/ScientificKeypad.swift:13:12: error: type 'ScientificKeypad.SciButton' does not conform to protocol 'Hashable'
    struct SciButton: Hashable {
           ^
/Users/sanathbs/03_Dev_Lab/01_IOS Build/scientific-calculator/ScientificCalculator/UI/Keypad/ScientificKeypad.swift:16:13: note: stored property type '<<error type>>' does not conform to protocol 'Hashable', preventing synthesized conformance of 'ScientificKeypad.SciButton' to 'Hashable'
        let category: ButtonCategory
            ^
/Users/sanathbs/03_Dev_Lab/01_IOS Build/scientific-calculator/ScientificCalculator/UI/Keypad/ScientificKeypad.swift:13:12: error: type 'ScientificKeypad.SciButton' does not conform to protocol 'Equatable'
    struct SciButton: Hashable {
           ^
/Users/sanathbs/03_Dev_Lab/01_IOS Build/scientific-calculator/ScientificCalculator/UI/Keypad/ScientificKeypad.swift:16:13: note: stored property type '<<error type>>' does not conform to protocol 'Equatable', preventing synthesized conformance of 'ScientificKeypad.SciButton' to 'Equatable'
        let category: ButtonCategory
            ^
Swift.==:1:24: note: candidate would match if 'ScientificKeypad.SciButton' conformed to 'RawRepresentable'
@inlinable public func == <T>(lhs: T, rhs: T) -> Bool where T : RawRepresentable, T.RawValue : Equatable
                       ^
Swift.FloatingPoint.==:2:20: note: candidate would match if 'ScientificKeypad.SciButton' conformed to 'FloatingPoint'
public static func == (lhs: Self, rhs: Self) -> Bool}
                   ^
Swift.BinaryInteger.==:2:20: note: candidate would match if 'ScientificKeypad.SciButton' conformed to 'BinaryInteger'
public static func == <Other>(lhs: Self, rhs: Other) -> Bool where Other : BinaryInteger}
                   ^
Swift._Pointer.==:2:20: note: candidate would match if 'ScientificKeypad.SciButton' conformed to '_Pointer'
public static func == (lhs: Self, rhs: Self) -> Bool}
                   ^
Swift._Pointer.==:2:31: note: candidate would match if 'ScientificKeypad.SciButton' conformed to '_Pointer'
@inlinable public static func == <Other>(lhs: Self, rhs: Other) -> Bool where Other : _Pointer}
                              ^
Swift.Strideable.==:2:31: note: candidate would match if 'ScientificKeypad.SciButton' conformed to 'Strideable'
@inlinable public static func == (x: Self, y: Self) -> Bool}
                              ^
Swift.StringProtocol.==:2:31: note: candidate would match if 'ScientificKeypad.SciButton' conformed to 'StringProtocol'
@inlinable public static func == <RHS>(lhs: Self, rhs: RHS) -> Bool where RHS : StringProtocol}
                              ^
Swift.SIMD.==:2:20: note: candidate would match if 'ScientificKeypad.SciButton' conformed to 'SIMD'
public static func == (a: Self, b: Self) -> Bool}
                   ^
Foundation.AttributedStringProtocol.==:2:20: note: candidate would match if 'ScientificKeypad.SciButton' conformed to 'AttributedStringProtocol'
public static func == <RHS>(lhs: Self, rhs: RHS) -> Bool where RHS : AttributedStringProtocol}
                   ^
Foundation._BridgedStoredNSError.==:2:20: note: candidate would match if 'ScientificKeypad.SciButton' conformed to '_BridgedStoredNSError'
public static func == (lhs: Self, rhs: Self) -> Bool}
                   ^
CoreFoundation._CFObject.==:2:20: note: candidate would match if 'ScientificKeypad.SciButton' conformed to '_CFObject'
public static func == (left: Self, right: Self) -> Bool}
                   ^
/Users/sanathbs/03_Dev_Lab/01_IOS Build/scientific-calculator/ScientificCalculator/UI/Keypad/ScientificKeypad.swift:13:12: note: add stubs for conformance
    struct SciButton: Hashable {
           ^
Swift.Equatable.==:2:13: note: protocol requires function '==' with type '(ScientificKeypad.SciButton, ScientificKeypad.SciButton) -> Bool'
static func == (lhs: Self, rhs: Self) -> Bool}
            ^
/Users/sanathbs/03_Dev_Lab/01_IOS Build/scientific-calculator/ScientificCalculator/UI/Keypad/ScientificKeypad.swift:20:55: error: cannot infer contextual base in reference to member 'function_'
        .init(label: "sin", value: "sin(", category: .function_), .init(label: "cos", value: "cos(", category: .function_), .init(label: "tan", value: "tan(", category: .function_), .init(label: "π", value: "pi", category: .constant),
/Users/sanathbs/03_Dev_Lab/01_IOS Build/scientific-calculator/ScientificCalculator/UI/Keypad/ScientificKeypad.swift:20:113: error: cannot infer contextual base in reference to member 'function_'
        .init(label: "sin", value: "sin(", category: .function_), .init(label: "cos", value: "cos(", category: .function_), .init(label: "tan", value: "tan(", category: .function_), .init(label: "π", value: "pi", category: .constant),
/Users/sanathbs/03_Dev_Lab/01_IOS Build/scientific-calculator/ScientificCalculator/UI/Keypad/ScientificKeypad.swift:20:171: error: cannot infer contextual base in reference to member 'function_'
        .init(label: "sin", value: "sin(", category: .function_), .init(label: "cos", value: "cos(", category: .function_), .init(label: "tan", value: "tan(", category: .function_), .init(label: "π", value: "pi", category: .constant),
/Users/sanathbs/03_Dev_Lab/01_IOS Build/scientific-calculator/ScientificCalculator/UI/Keypad/ScientificKeypad.swift:20:226: error: cannot infer contextual base in reference to member 'constant'
        .init(label: "sin", value: "sin(", category: .function_), .init(label: "cos", value: "cos(", category: .function_), .init(label: "tan", value: "tan(", category: .function_), .init(label: "π", value: "pi", category: .constant),
/Users/sanathbs/03_Dev_Lab/01_IOS Build/scientific-calculator/ScientificCalculator/UI/Keypad/ScientificKeypad.swift:21:57: error: cannot infer contextual base in reference to member 'function_'
        .init(label: "asin", value: "asin(", category: .function_), .init(label: "acos", value: "acos(", category: .function_), .init(label: "atan", value: "atan(", category: .function_), .init(label: "e", value: "e", category: .constant),
                                                       ~^~~~~~~~~
/Users/sanathbs/03_Dev_Lab/01_IOS Build/scientific-calculator/ScientificCalculator/UI/Keypad/ScientificKeypad.swift:21:117: error: cannot infer contextual base in reference to member 'function_'
        .init(label: "asin", value: "asin(", category: .function_), .init(label: "acos", value: "acos(", category: .function_), .init(label: "atan", value: "atan(", category: .function_), .init(label: "e", value: "e", category: .constant),
                                                                                                                   ~^~~~~~~~~
/Users/sanathbs/03_Dev_Lab/01_IOS Build/scientific-calculator/ScientificCalculator/UI/Keypad/ScientificKeypad.swift:21:177: error: cannot infer contextual base in reference to member 'function_'
        .init(label: "asin", value: "asin(", category: .function_), .init(label: "acos", value: "acos(", category: .function_), .init(label: "atan", value: "atan(", category: .function_), .init(label: "e", value: "e", category: .constant),
                                                                                                                                                                               ~^~~~~~~~~
/Users/sanathbs/03_Dev_Lab/01_IOS Build/scientific-calculator/ScientificCalculator/UI/Keypad/ScientificKeypad.swift:21:230: error: cannot infer contextual base in reference to member 'constant'
        .init(label: "asin", value: "asin(", category: .function_), .init(label: "acos", value: "acos(", category: .function_), .init(label: "atan", value: "atan(", category: .function_), .init(label: "e", value: "e", category: .constant),
                                                                                                                                                                                                                                    ~^~~~~~~~
/Users/sanathbs/03_Dev_Lab/01_IOS Build/scientific-calculator/ScientificCalculator/UI/Keypad/ScientificKeypad.swift:22:57: error: cannot infer contextual base in reference to member 'function_'
        .init(label: "sinh", value: "sinh(", category: .function_), .init(label: "cosh", value: "cosh(", category: .function_), .init(label: "tanh", value: "tanh(", category: .function_), .init(label: "^", value: "^", category: .basicOp),
                                                       ~^~~~~~~~~
/Users/sanathbs/03_Dev_Lab/01_IOS Build/scientific-calculator/ScientificCalculator/UI/Keypad/ScientificKeypad.swift:22:117: error: cannot infer contextual base in reference to member 'function_'
        .init(label: "sinh", value: "sinh(", category: .function_), .init(label: "cosh", value: "cosh(", category: .function_), .init(label: "tanh", value: "tanh(", category: .function_), .init(label: "^", value: "^", category: .basicOp),
                                                                                                                   ~^~~~~~~~~
/Users/sanathbs/03_Dev_Lab/01_IOS Build/scientific-calculator/ScientificCalculator/UI/Keypad/ScientificKeypad.swift:22:177: error: cannot infer contextual base in reference to member 'function_'
        .init(label: "sinh", value: "sinh(", category: .function_), .init(label: "cosh", value: "cosh(", category: .function_), .init(label: "tanh", value: "tanh(", category: .function_), .init(label: "^", value: "^", category: .basicOp),
                                                                                                                                                                               ~^~~~~~~~~
/Users/sanathbs/03_Dev_Lab/01_IOS Build/scientific-calculator/ScientificCalculator/UI/Keypad/ScientificKeypad.swift:22:230: error: cannot infer contextual base in reference to member 'basicOp'
        .init(label: "sinh", value: "sinh(", category: .function_), .init(label: "cosh", value: "cosh(", category: .function_), .init(label: "tanh", value: "tanh(", category: .function_), .init(label: "^", value: "^", category: .basicOp),
                                                                                                                                                                                                                                    ~^~~~~~~
/Users/sanathbs/03_Dev_Lab/01_IOS Build/scientific-calculator/ScientificCalculator/UI/Keypad/ScientificKeypad.swift:23:53: error: cannot infer contextual base in reference to member 'function_'
        .init(label: "ln", value: "ln(", category: .function_), .init(label: "log", value: "log(", category: .function_), .init(label: "√", value: "sqrt(", category: .function_), .init(label: "!", value: "!", category: .special),
/Users/sanathbs/03_Dev_Lab/01_IOS Build/scientific-calculator/ScientificCalculator/UI/Keypad/ScientificKeypad.swift:23:111: error: cannot infer contextual base in reference to member 'function_'
        .init(label: "ln", value: "ln(", category: .function_), .init(label: "log", value: "log(", category: .function_), .init(label: "√", value: "sqrt(", category: .function_), .init(label: "!", value: "!", category: .special),
/Users/sanathbs/03_Dev_Lab/01_IOS Build/scientific-calculator/ScientificCalculator/UI/Keypad/ScientificKeypad.swift:23:170: error: cannot infer contextual base in reference to member 'function_'
        .init(label: "ln", value: "ln(", category: .function_), .init(label: "log", value: "log(", category: .function_), .init(label: "√", value: "sqrt(", category: .function_), .init(label: "!", value: "!", category: .special),
/Users/sanathbs/03_Dev_Lab/01_IOS Build/scientific-calculator/ScientificCalculator/UI/Keypad/ScientificKeypad.swift:23:223: error: cannot infer contextual base in reference to member 'special'
        .init(label: "ln", value: "ln(", category: .function_), .init(label: "log", value: "log(", category: .function_), .init(label: "√", value: "sqrt(", category: .function_), .init(label: "!", value: "!", category: .special),
/Users/sanathbs/03_Dev_Lab/01_IOS Build/scientific-calculator/ScientificCalculator/UI/Keypad/ScientificKeypad.swift:24:61: error: cannot infer contextual base in reference to member 'function_'
        .init(label: "∫", value: "integrate(", category: .function_), .init(label: "d/dx", value: "diff(", category: .function_), .init(label: "Σ", value: "sum(", category: .function_), .init(label: "(", value: "(", category: .openParen),
/Users/sanathbs/03_Dev_Lab/01_IOS Build/scientific-calculator/ScientificCalculator/UI/Keypad/ScientificKeypad.swift:24:121: error: cannot infer contextual base in reference to member 'function_'
        .init(label: "∫", value: "integrate(", category: .function_), .init(label: "d/dx", value: "diff(", category: .function_), .init(label: "Σ", value: "sum(", category: .function_), .init(label: "(", value: "(", category: .openParen),
/Users/sanathbs/03_Dev_Lab/01_IOS Build/scientific-calculator/ScientificCalculator/UI/Keypad/ScientificKeypad.swift:24:178: error: cannot infer contextual base in reference to member 'function_'
        .init(label: "∫", value: "integrate(", category: .function_), .init(label: "d/dx", value: "diff(", category: .function_), .init(label: "Σ", value: "sum(", category: .function_), .init(label: "(", value: "(", category: .openParen),
/Users/sanathbs/03_Dev_Lab/01_IOS Build/scientific-calculator/ScientificCalculator/UI/Keypad/ScientificKeypad.swift:24:231: error: cannot infer contextual base in reference to member 'openParen'
        .init(label: "∫", value: "integrate(", category: .function_), .init(label: "d/dx", value: "diff(", category: .function_), .init(label: "Σ", value: "sum(", category: .function_), .init(label: "(", value: "(", category: .openParen),
/Users/sanathbs/03_Dev_Lab/01_IOS Build/scientific-calculator/ScientificCalculator/UI/Keypad/ScientificKeypad.swift:25:50: error: cannot infer contextual base in reference to member 'closeParen'
        .init(label: ")", value: ")", category: .closeParen), .init(label: "lim", value: "limit(", category: .function_), .init(label: "abs", value: "abs(", category: .function_), .init(label: ",", value: ",", category: .comma)
                                                ~^~~~~~~~~~
/Users/sanathbs/03_Dev_Lab/01_IOS Build/scientific-calculator/ScientificCalculator/UI/Keypad/ScientificKeypad.swift:25:111: error: cannot infer contextual base in reference to member 'function_'
        .init(label: ")", value: ")", category: .closeParen), .init(label: "lim", value: "limit(", category: .function_), .init(label: "abs", value: "abs(", category: .function_), .init(label: ",", value: ",", category: .comma)
                                                                                                             ~^~~~~~~~~
/Users/sanathbs/03_Dev_Lab/01_IOS Build/scientific-calculator/ScientificCalculator/UI/Keypad/ScientificKeypad.swift:25:169: error: cannot infer contextual base in reference to member 'function_'
        .init(label: ")", value: ")", category: .closeParen), .init(label: "lim", value: "limit(", category: .function_), .init(label: "abs", value: "abs(", category: .function_), .init(label: ",", value: ",", category: .comma)
                                                                                                                                                                       ~^~~~~~~~~
/Users/sanathbs/03_Dev_Lab/01_IOS Build/scientific-calculator/ScientificCalculator/UI/Keypad/ScientificKeypad.swift:25:222: error: cannot infer contextual base in reference to member 'comma'
        .init(label: ")", value: ")", category: .closeParen), .init(label: "lim", value: "limit(", category: .function_), .init(label: "abs", value: "abs(", category: .function_), .init(label: ",", value: ",", category: .comma)
                                                                                                                                                                                                                            ~^~~~~
/Users/sanathbs/03_Dev_Lab/01_IOS Build/scientific-calculator/ScientificCalculator/App/ScientificCalculatorApp.swift:14:46: error: cannot find 'KeypadContextEngine' in scope
    @StateObject private var keypadContext = KeypadContextEngine()
                                             ^~~~~~~~~~~~~~~~~~~
/Users/sanathbs/03_Dev_Lab/01_IOS Build/scientific-calculator/ScientificCalculator/UI/ContentView.swift:19:43: error: cannot find type 'KeypadContextEngine' in scope
    @EnvironmentObject var keypadContext: KeypadContextEngine
                                          ^~~~~~~~~~~~~~~~~~~
/Users/sanathbs/03_Dev_Lab/01_IOS Build/scientific-calculator/ScientificCalculator/UI/CircuitViewModel.swift:8:33: error: cannot find type 'CircuitComponent' in scope
    @Published var components: [CircuitComponent] = []
                                ^~~~~~~~~~~~~~~~
/Users/sanathbs/03_Dev_Lab/01_IOS Build/scientific-calculator/ScientificCalculator/UI/CircuitViewModel.swift:10:30: error: cannot find type 'CircuitSolution' in scope
    @Published var solution: CircuitSolution?
                             ^~~~~~~~~~~~~~~
/Users/sanathbs/03_Dev_Lab/01_IOS Build/scientific-calculator/ScientificCalculator/UI/CircuitViewModel.swift:15:29: error: cannot find 'CircuitSimulator' in scope
    private let simulator = CircuitSimulator()
                            ^~~~~~~~~~~~~~~~
/Users/sanathbs/03_Dev_Lab/01_IOS Build/scientific-calculator/ScientificCalculator/UI/CircuitViewModel.swift:53:31: error: cannot find type 'CircuitComponent' in scope
    func addComponent(_ type: CircuitComponent.ComponentType, at pos: CGPoint) {
                              ^~~~~~~~~~~~~~~~
/Users/sanathbs/03_Dev_Lab/01_IOS Build/scientific-calculator/ScientificCalculator/UI/CircuitViewModel.swift:62:41: error: cannot find type 'CircuitComponent' in scope
    private func defaultValue(for type: CircuitComponent.ComponentType) -> Double {
                                        ^~~~~~~~~~~~~~~~
/Users/sanathbs/03_Dev_Lab/01_IOS Build/scientific-calculator/ScientificCalculator/NumericTools/Views/CircuitToolView.swift:80:15: error: cannot find type 'CircuitComponent' in scope
    let type: CircuitComponent.ComponentType
              ^~~~~~~~~~~~~~~~
/Users/sanathbs/03_Dev_Lab/01_IOS Build/scientific-calculator/ScientificCalculator/NumericTools/Views/CircuitToolView.swift:98:37: error: cannot find type 'CircuitComponent' in scope
    private func iconName(for type: CircuitComponent.ComponentType) -> String {
                                    ^~~~~~~~~~~~~~~~
/Users/sanathbs/03_Dev_Lab/01_IOS Build/scientific-calculator/ScientificCalculator/NumericTools/Views/CircuitToolView.swift:111:20: error: cannot find type 'CircuitComponent' in scope
    let component: CircuitComponent
                   ^~~~~~~~~~~~~~~~
/Users/sanathbs/03_Dev_Lab/01_IOS Build/scientific-calculator/ScientificCalculator/NumericTools/Views/CircuitToolView.swift:112:19: error: cannot find type 'CircuitSolution' in scope
    let solution: CircuitSolution?
                  ^~~~~~~~~~~~~~~
/Users/sanathbs/03_Dev_Lab/01_IOS Build/scientific-calculator/ScientificCalculator/NumericTools/Views/CircuitToolView.swift:155:49: error: cannot find type 'CircuitComponent' in scope
    private func formatValue(_ v: Double, type: CircuitComponent.ComponentType) -> String {
                                                ^~~~~~~~~~~~~~~~
/Users/sanathbs/03_Dev_Lab/01_IOS Build/scientific-calculator/ScientificCalculator/UI/Components/PhysicsReference.swift:9:42: error: cannot find type 'PhysicsEquation' in scope
    @State private var selectedEquation: PhysicsEquation?
                                         ^~~~~~~~~~~~~~~
/Users/sanathbs/03_Dev_Lab/01_IOS Build/scientific-calculator/ScientificCalculator/UI/Components/PhysicsReference.swift:42:19: error: cannot find type 'PhysicsEquation' in scope
    let equation: PhysicsEquation
                  ^~~~~~~~~~~~~~~
/Users/sanathbs/03_Dev_Lab/01_IOS Build/scientific-calculator/ScientificCalculator/UI/Components/PhysicsReference.swift:53:19: error: cannot find type 'PhysicsEquation' in scope
    let equation: PhysicsEquation
                  ^~~~~~~~~~~~~~~

SwiftCompile normal x86_64 Compiling\ ScientificCalculatorApp.swift,\ ContentView.swift,\ CalculatorViewModel.swift,\ VariableStore.swift,\ Node.swift,\ QuickSolverView.swift,\ NLTranslator.swift,\ AssistantView.swift /Users/sanathbs/03_Dev_Lab/01_IOS\ Build/scientific-calculator/ScientificCalculator/App/ScientificCalculatorApp.swift /Users/sanathbs/03_Dev_Lab/01_IOS\ Build/scientific-calculator/ScientificCalculator/UI/ContentView.swift /Users/sanathbs/03_Dev_Lab/01_IOS\ Build/scientific-calculator/ScientificCalculator/UI/CalculatorViewModel.swift /Users/sanathbs/03_Dev_Lab/01_IOS\ Build/scientific-calculator/ScientificCalculator/UI/VariableStore.swift /Users/sanathbs/03_Dev_Lab/01_IOS\ Build/scientific-calculator/ScientificCalculator/AST/Node.swift /Users/sanathbs/03_Dev_Lab/01_IOS\ Build/scientific-calculator/ScientificCalculator/Assistant/QuickSolverView.swift /Users/sanathbs/03_Dev_Lab/01_IOS\ Build/scientific-calculator/ScientificCalculator/Assistant/NLTranslator.swift /Users/sanathbs/03_Dev_Lab/01_IOS\ Build/scientific-calculator/ScientificCalculator/Assistant/AssistantView.swift (in target 'ScientificCalculator' from project 'ScientificCalculator')

SwiftCompile normal x86_64 /Users/sanathbs/03_Dev_Lab/01_IOS\ Build/scientific-calculator/ScientificCalculator/App/ScientificCalculatorApp.swift (in target 'ScientificCalculator' from project 'ScientificCalculator')
    cd /Users/sanathbs/03_Dev_Lab/01_IOS\ Build/scientific-calculator
    

SwiftCompile normal x86_64 /Users/sanathbs/03_Dev_Lab/01_IOS\ Build/scientific-calculator/ScientificCalculator/UI/ContentView.swift (in target 'ScientificCalculator' from project 'ScientificCalculator')
    cd /Users/sanathbs/03_Dev_Lab/01_IOS\ Build/scientific-calculator
    

SwiftCompile normal x86_64 /Users/sanathbs/03_Dev_Lab/01_IOS\ Build/scientific-calculator/ScientificCalculator/UI/CalculatorViewModel.swift (in target 'ScientificCalculator' from project 'ScientificCalculator')
    cd /Users/sanathbs/03_Dev_Lab/01_IOS\ Build/scientific-calculator
    

SwiftCompile normal x86_64 /Users/sanathbs/03_Dev_Lab/01_IOS\ Build/scientific-calculator/ScientificCalculator/UI/VariableStore.swift (in target 'ScientificCalculator' from project 'ScientificCalculator')
    cd /Users/sanathbs/03_Dev_Lab/01_IOS\ Build/scientific-calculator
    

SwiftCompile normal x86_64 /Users/sanathbs/03_Dev_Lab/01_IOS\ Build/scientific-calculator/ScientificCalculator/AST/Node.swift (in target 'ScientificCalculator' from project 'ScientificCalculator')
    cd /Users/sanathbs/03_Dev_Lab/01_IOS\ Build/scientific-calculator
    

SwiftCompile normal x86_64 /Users/sanathbs/03_Dev_Lab/01_IOS\ Build/scientific-calculator/ScientificCalculator/Assistant/QuickSolverView.swift (in target 'ScientificCalculator' from project 'ScientificCalculator')
    cd /Users/sanathbs/03_Dev_Lab/01_IOS\ Build/scientific-calculator
    

SwiftCompile normal x86_64 /Users/sanathbs/03_Dev_Lab/01_IOS\ Build/scientific-calculator/ScientificCalculator/Assistant/NLTranslator.swift (in target 'ScientificCalculator' from project 'ScientificCalculator')
    cd /Users/sanathbs/03_Dev_Lab/01_IOS\ Build/scientific-calculator
    

SwiftCompile normal x86_64 /Users/sanathbs/03_Dev_Lab/01_IOS\ Build/scientific-calculator/ScientificCalculator/Assistant/AssistantView.swift (in target 'ScientificCalculator' from project 'ScientificCalculator')
    cd /Users/sanathbs/03_Dev_Lab/01_IOS\ Build/scientific-calculator
    

SwiftCompile normal x86_64 Compiling\ MathEngine.swift,\ NumericEngine.swift,\ Dispatcher.swift,\ EvaluationMetrics.swift,\ EvaluationReport.swift,\ MetricsCollector.swift,\ ResultFormatter.swift /Users/sanathbs/03_Dev_Lab/01_IOS\ Build/scientific-calculator/ScientificCalculator/Engines/MathEngine.swift /Users/sanathbs/03_Dev_Lab/01_IOS\ Build/scientific-calculator/ScientificCalculator/Engines/NumericEngine.swift /Users/sanathbs/03_Dev_Lab/01_IOS\ Build/scientific-calculator/ScientificCalculator/Engines/Dispatcher.swift /Users/sanathbs/03_Dev_Lab/01_IOS\ Build/scientific-calculator/ScientificCalculator/Metrics/EvaluationMetrics.swift /Users/sanathbs/03_Dev_Lab/01_IOS\ Build/scientific-calculator/ScientificCalculator/Metrics/EvaluationReport.swift /Users/sanathbs/03_Dev_Lab/01_IOS\ Build/scientific-calculator/ScientificCalculator/Metrics/MetricsCollector.swift /Users/sanathbs/03_Dev_Lab/01_IOS\ Build/scientific-calculator/ScientificCalculator/Formatting/ResultFormatter.swift (in target 'ScientificCalculator' from project 'ScientificCalculator')

SwiftCompile normal x86_64 /Users/sanathbs/03_Dev_Lab/01_IOS\ Build/scientific-calculator/ScientificCalculator/Engines/MathEngine.swift (in target 'ScientificCalculator' from project 'ScientificCalculator')
    cd /Users/sanathbs/03_Dev_Lab/01_IOS\ Build/scientific-calculator
    

SwiftCompile normal x86_64 /Users/sanathbs/03_Dev_Lab/01_IOS\ Build/scientific-calculator/ScientificCalculator/Engines/NumericEngine.swift (in target 'ScientificCalculator' from project 'ScientificCalculator')
    cd /Users/sanathbs/03_Dev_Lab/01_IOS\ Build/scientific-calculator
    

SwiftCompile normal x86_64 /Users/sanathbs/03_Dev_Lab/01_IOS\ Build/scientific-calculator/ScientificCalculator/Engines/Dispatcher.swift (in target 'ScientificCalculator' from project 'ScientificCalculator')
    cd /Users/sanathbs/03_Dev_Lab/01_IOS\ Build/scientific-calculator
    

SwiftCompile normal x86_64 /Users/sanathbs/03_Dev_Lab/01_IOS\ Build/scientific-calculator/ScientificCalculator/Metrics/EvaluationMetrics.swift (in target 'ScientificCalculator' from project 'ScientificCalculator')
    cd /Users/sanathbs/03_Dev_Lab/01_IOS\ Build/scientific-calculator
    

SwiftCompile normal x86_64 /Users/sanathbs/03_Dev_Lab/01_IOS\ Build/scientific-calculator/ScientificCalculator/Metrics/EvaluationReport.swift (in target 'ScientificCalculator' from project 'ScientificCalculator')
    cd /Users/sanathbs/03_Dev_Lab/01_IOS\ Build/scientific-calculator
    

SwiftCompile normal x86_64 /Users/sanathbs/03_Dev_Lab/01_IOS\ Build/scientific-calculator/ScientificCalculator/Metrics/MetricsCollector.swift (in target 'ScientificCalculator' from project 'ScientificCalculator')
    cd /Users/sanathbs/03_Dev_Lab/01_IOS\ Build/scientific-calculator
    

SwiftCompile normal x86_64 /Users/sanathbs/03_Dev_Lab/01_IOS\ Build/scientific-calculator/ScientificCalculator/Formatting/ResultFormatter.swift (in target 'ScientificCalculator' from project 'ScientificCalculator')
    cd /Users/sanathbs/03_Dev_Lab/01_IOS\ Build/scientific-calculator
    

SwiftCompile normal x86_64 Compiling\ LogicEngine.swift,\ MatrixToolView.swift,\ VectorToolView.swift,\ StatsToolView.swift,\ UnitsToolView.swift,\ CircuitToolView.swift,\ LogicToolView.swift /Users/sanathbs/03_Dev_Lab/01_IOS\ Build/scientific-calculator/ScientificCalculator/NumericTools/LogicEngine.swift /Users/sanathbs/03_Dev_Lab/01_IOS\ Build/scientific-calculator/ScientificCalculator/NumericTools/Views/MatrixToolView.swift /Users/sanathbs/03_Dev_Lab/01_IOS\ Build/scientific-calculator/ScientificCalculator/NumericTools/Views/VectorToolView.swift /Users/sanathbs/03_Dev_Lab/01_IOS\ Build/scientific-calculator/ScientificCalculator/NumericTools/Views/StatsToolView.swift /Users/sanathbs/03_Dev_Lab/01_IOS\ Build/scientific-calculator/ScientificCalculator/NumericTools/Views/UnitsToolView.swift /Users/sanathbs/03_Dev_Lab/01_IOS\ Build/scientific-calculator/ScientificCalculator/NumericTools/Views/CircuitToolView.swift /Users/sanathbs/03_Dev_Lab/01_IOS\ Build/scientific-calculator/ScientificCalculator/NumericTools/Views/LogicToolView.swift (in target 'ScientificCalculator' from project 'ScientificCalculator')

SwiftCompile normal x86_64 /Users/sanathbs/03_Dev_Lab/01_IOS\ Build/scientific-calculator/ScientificCalculator/NumericTools/LogicEngine.swift (in target 'ScientificCalculator' from project 'ScientificCalculator')
    cd /Users/sanathbs/03_Dev_Lab/01_IOS\ Build/scientific-calculator
    

SwiftCompile normal x86_64 /Users/sanathbs/03_Dev_Lab/01_IOS\ Build/scientific-calculator/ScientificCalculator/NumericTools/Views/MatrixToolView.swift (in target 'ScientificCalculator' from project 'ScientificCalculator')
    cd /Users/sanathbs/03_Dev_Lab/01_IOS\ Build/scientific-calculator
    

SwiftCompile normal x86_64 /Users/sanathbs/03_Dev_Lab/01_IOS\ Build/scientific-calculator/ScientificCalculator/NumericTools/Views/VectorToolView.swift (in target 'ScientificCalculator' from project 'ScientificCalculator')
    cd /Users/sanathbs/03_Dev_Lab/01_IOS\ Build/scientific-calculator
    

SwiftCompile normal x86_64 /Users/sanathbs/03_Dev_Lab/01_IOS\ Build/scientific-calculator/ScientificCalculator/NumericTools/Views/StatsToolView.swift (in target 'ScientificCalculator' from project 'ScientificCalculator')
    cd /Users/sanathbs/03_Dev_Lab/01_IOS\ Build/scientific-calculator
    

SwiftCompile normal x86_64 /Users/sanathbs/03_Dev_Lab/01_IOS\ Build/scientific-calculator/ScientificCalculator/NumericTools/Views/UnitsToolView.swift (in target 'ScientificCalculator' from project 'ScientificCalculator')
    cd /Users/sanathbs/03_Dev_Lab/01_IOS\ Build/scientific-calculator
    

SwiftCompile normal x86_64 /Users/sanathbs/03_Dev_Lab/01_IOS\ Build/scientific-calculator/ScientificCalculator/NumericTools/Views/CircuitToolView.swift (in target 'ScientificCalculator' from project 'ScientificCalculator')
    cd /Users/sanathbs/03_Dev_Lab/01_IOS\ Build/scientific-calculator
    

SwiftCompile normal x86_64 /Users/sanathbs/03_Dev_Lab/01_IOS\ Build/scientific-calculator/ScientificCalculator/NumericTools/Views/LogicToolView.swift (in target 'ScientificCalculator' from project 'ScientificCalculator')
    cd /Users/sanathbs/03_Dev_Lab/01_IOS\ Build/scientific-calculator
    

SwiftCompile normal x86_64 Compiling\ VectorEngine.swift,\ StatsEngine.swift,\ GraphEngine.swift,\ UnitsEngine.swift,\ GraphToolView.swift,\ AppRoute.swift,\ CircuitViewModel.swift /Users/sanathbs/03_Dev_Lab/01_IOS\ Build/scientific-calculator/ScientificCalculator/NumericTools/VectorEngine.swift /Users/sanathbs/03_Dev_Lab/01_IOS\ Build/scientific-calculator/ScientificCalculator/NumericTools/StatsEngine.swift /Users/sanathbs/03_Dev_Lab/01_IOS\ Build/scientific-calculator/ScientificCalculator/NumericTools/GraphEngine.swift /Users/sanathbs/03_Dev_Lab/01_IOS\ Build/scientific-calculator/ScientificCalculator/NumericTools/UnitsEngine.swift /Users/sanathbs/03_Dev_Lab/01_IOS\ Build/scientific-calculator/ScientificCalculator/NumericTools/Views/GraphToolView.swift /Users/sanathbs/03_Dev_Lab/01_IOS\ Build/scientific-calculator/ScientificCalculator/UI/Navigation/AppRoute.swift /Users/sanathbs/03_Dev_Lab/01_IOS\ Build/scientific-calculator/ScientificCalculator/UI/CircuitViewModel.swift (in target 'ScientificCalculator' from project 'ScientificCalculator')

SwiftCompile normal x86_64 /Users/sanathbs/03_Dev_Lab/01_IOS\ Build/scientific-calculator/ScientificCalculator/NumericTools/VectorEngine.swift (in target 'ScientificCalculator' from project 'ScientificCalculator')
    cd /Users/sanathbs/03_Dev_Lab/01_IOS\ Build/scientific-calculator
    

SwiftCompile normal x86_64 /Users/sanathbs/03_Dev_Lab/01_IOS\ Build/scientific-calculator/ScientificCalculator/NumericTools/StatsEngine.swift (in target 'ScientificCalculator' from project 'ScientificCalculator')
    cd /Users/sanathbs/03_Dev_Lab/01_IOS\ Build/scientific-calculator
    

SwiftCompile normal x86_64 /Users/sanathbs/03_Dev_Lab/01_IOS\ Build/scientific-calculator/ScientificCalculator/NumericTools/GraphEngine.swift (in target 'ScientificCalculator' from project 'ScientificCalculator')
    cd /Users/sanathbs/03_Dev_Lab/01_IOS\ Build/scientific-calculator
    

SwiftCompile normal x86_64 /Users/sanathbs/03_Dev_Lab/01_IOS\ Build/scientific-calculator/ScientificCalculator/NumericTools/UnitsEngine.swift (in target 'ScientificCalculator' from project 'ScientificCalculator')
    cd /Users/sanathbs/03_Dev_Lab/01_IOS\ Build/scientific-calculator
    

SwiftCompile normal x86_64 /Users/sanathbs/03_Dev_Lab/01_IOS\ Build/scientific-calculator/ScientificCalculator/NumericTools/Views/GraphToolView.swift (in target 'ScientificCalculator' from project 'ScientificCalculator')
    cd /Users/sanathbs/03_Dev_Lab/01_IOS\ Build/scientific-calculator
    

SwiftCompile normal x86_64 /Users/sanathbs/03_Dev_Lab/01_IOS\ Build/scientific-calculator/ScientificCalculator/UI/Navigation/AppRoute.swift (in target 'ScientificCalculator' from project 'ScientificCalculator')
    cd /Users/sanathbs/03_Dev_Lab/01_IOS\ Build/scientific-calculator
    

SwiftCompile normal x86_64 /Users/sanathbs/03_Dev_Lab/01_IOS\ Build/scientific-calculator/ScientificCalculator/UI/CircuitViewModel.swift (in target 'ScientificCalculator' from project 'ScientificCalculator')
    cd /Users/sanathbs/03_Dev_Lab/01_IOS\ Build/scientific-calculator
    

SwiftCompile normal x86_64 Compiling\ GraphViewModel.swift,\ NumericToolsView.swift,\ NumericToolsBenchmark.swift,\ OCRClient.swift,\ LatexNormalizer.swift,\ OCRPreprocessor.swift,\ OCRMetrics.swift /Users/sanathbs/03_Dev_Lab/01_IOS\ Build/scientific-calculator/ScientificCalculator/NumericTools/GraphViewModel.swift /Users/sanathbs/03_Dev_Lab/01_IOS\ Build/scientific-calculator/ScientificCalculator/NumericTools/NumericToolsView.swift /Users/sanathbs/03_Dev_Lab/01_IOS\ Build/scientific-calculator/ScientificCalculator/Benchmarks/NumericToolsBenchmark.swift /Users/sanathbs/03_Dev_Lab/01_IOS\ Build/scientific-calculator/ScientificCalculator/OCREngine/OCRClient.swift /Users/sanathbs/03_Dev_Lab/01_IOS\ Build/scientific-calculator/ScientificCalculator/OCREngine/LatexNormalizer.swift /Users/sanathbs/03_Dev_Lab/01_IOS\ Build/scientific-calculator/ScientificCalculator/OCREngine/OCRPreprocessor.swift /Users/sanathbs/03_Dev_Lab/01_IOS\ Build/scientific-calculator/ScientificCalculator/OCREngine/OCRMetrics.swift (in target 'ScientificCalculator' from project 'ScientificCalculator')

SwiftCompile normal x86_64 /Users/sanathbs/03_Dev_Lab/01_IOS\ Build/scientific-calculator/ScientificCalculator/NumericTools/GraphViewModel.swift (in target 'ScientificCalculator' from project 'ScientificCalculator')
    cd /Users/sanathbs/03_Dev_Lab/01_IOS\ Build/scientific-calculator
    

SwiftCompile normal x86_64 /Users/sanathbs/03_Dev_Lab/01_IOS\ Build/scientific-calculator/ScientificCalculator/NumericTools/NumericToolsView.swift (in target 'ScientificCalculator' from project 'ScientificCalculator')
    cd /Users/sanathbs/03_Dev_Lab/01_IOS\ Build/scientific-calculator
    

SwiftCompile normal x86_64 /Users/sanathbs/03_Dev_Lab/01_IOS\ Build/scientific-calculator/ScientificCalculator/Benchmarks/NumericToolsBenchmark.swift (in target 'ScientificCalculator' from project 'ScientificCalculator')
    cd /Users/sanathbs/03_Dev_Lab/01_IOS\ Build/scientific-calculator
    

SwiftCompile normal x86_64 /Users/sanathbs/03_Dev_Lab/01_IOS\ Build/scientific-calculator/ScientificCalculator/OCREngine/OCRClient.swift (in target 'ScientificCalculator' from project 'ScientificCalculator')
    cd /Users/sanathbs/03_Dev_Lab/01_IOS\ Build/scientific-calculator
    

SwiftCompile normal x86_64 /Users/sanathbs/03_Dev_Lab/01_IOS\ Build/scientific-calculator/ScientificCalculator/OCREngine/LatexNormalizer.swift (in target 'ScientificCalculator' from project 'ScientificCalculator')
    cd /Users/sanathbs/03_Dev_Lab/01_IOS\ Build/scientific-calculator
    

SwiftCompile normal x86_64 /Users/sanathbs/03_Dev_Lab/01_IOS\ Build/scientific-calculator/ScientificCalculator/OCREngine/OCRPreprocessor.swift (in target 'ScientificCalculator' from project 'ScientificCalculator')
    cd /Users/sanathbs/03_Dev_Lab/01_IOS\ Build/scientific-calculator
    

SwiftCompile normal x86_64 /Users/sanathbs/03_Dev_Lab/01_IOS\ Build/scientific-calculator/ScientificCalculator/OCREngine/OCRMetrics.swift (in target 'ScientificCalculator' from project 'ScientificCalculator')
    cd /Users/sanathbs/03_Dev_Lab/01_IOS\ Build/scientific-calculator
    

SwiftCompile normal x86_64 Compiling\ BenchmarkRunner.swift,\ SymbolicEngine.swift,\ PythonClient.swift,\ ASTToSympyConverter.swift,\ LatexFormatter.swift,\ NumericToolMetrics.swift,\ MatrixEngine.swift /Users/sanathbs/03_Dev_Lab/01_IOS\ Build/scientific-calculator/ScientificCalculator/Benchmarks/BenchmarkRunner.swift /Users/sanathbs/03_Dev_Lab/01_IOS\ Build/scientific-calculator/ScientificCalculator/Engines/SymbolicEngine.swift /Users/sanathbs/03_Dev_Lab/01_IOS\ Build/scientific-calculator/ScientificCalculator/PythonBridge/PythonClient.swift /Users/sanathbs/03_Dev_Lab/01_IOS\ Build/scientific-calculator/ScientificCalculator/Symbolic/ASTToSympyConverter.swift /Users/sanathbs/03_Dev_Lab/01_IOS\ Build/scientific-calculator/ScientificCalculator/Symbolic/LatexFormatter.swift /Users/sanathbs/03_Dev_Lab/01_IOS\ Build/scientific-calculator/ScientificCalculator/NumericTools/NumericToolMetrics.swift /Users/sanathbs/03_Dev_Lab/01_IOS\ Build/scientific-calculator/ScientificCalculator/NumericTools/MatrixEngine.swift (in target 'ScientificCalculator' from project 'ScientificCalculator')

SwiftCompile normal x86_64 /Users/sanathbs/03_Dev_Lab/01_IOS\ Build/scientific-calculator/ScientificCalculator/Benchmarks/BenchmarkRunner.swift (in target 'ScientificCalculator' from project 'ScientificCalculator')
    cd /Users/sanathbs/03_Dev_Lab/01_IOS\ Build/scientific-calculator
    

SwiftCompile normal x86_64 /Users/sanathbs/03_Dev_Lab/01_IOS\ Build/scientific-calculator/ScientificCalculator/Engines/SymbolicEngine.swift (in target 'ScientificCalculator' from project 'ScientificCalculator')
    cd /Users/sanathbs/03_Dev_Lab/01_IOS\ Build/scientific-calculator
    

SwiftCompile normal x86_64 /Users/sanathbs/03_Dev_Lab/01_IOS\ Build/scientific-calculator/ScientificCalculator/PythonBridge/PythonClient.swift (in target 'ScientificCalculator' from project 'ScientificCalculator')
    cd /Users/sanathbs/03_Dev_Lab/01_IOS\ Build/scientific-calculator
    

SwiftCompile normal x86_64 /Users/sanathbs/03_Dev_Lab/01_IOS\ Build/scientific-calculator/ScientificCalculator/Symbolic/ASTToSympyConverter.swift (in target 'ScientificCalculator' from project 'ScientificCalculator')
    cd /Users/sanathbs/03_Dev_Lab/01_IOS\ Build/scientific-calculator
    

SwiftCompile normal x86_64 /Users/sanathbs/03_Dev_Lab/01_IOS\ Build/scientific-calculator/ScientificCalculator/Symbolic/LatexFormatter.swift (in target 'ScientificCalculator' from project 'ScientificCalculator')
    cd /Users/sanathbs/03_Dev_Lab/01_IOS\ Build/scientific-calculator
    

SwiftCompile normal x86_64 /Users/sanathbs/03_Dev_Lab/01_IOS\ Build/scientific-calculator/ScientificCalculator/NumericTools/NumericToolMetrics.swift (in target 'ScientificCalculator' from project 'ScientificCalculator')
    cd /Users/sanathbs/03_Dev_Lab/01_IOS\ Build/scientific-calculator
    

SwiftCompile normal x86_64 /Users/sanathbs/03_Dev_Lab/01_IOS\ Build/scientific-calculator/ScientificCalculator/NumericTools/MatrixEngine.swift (in target 'ScientificCalculator' from project 'ScientificCalculator')
    cd /Users/sanathbs/03_Dev_Lab/01_IOS\ Build/scientific-calculator
    

** BUILD FAILED **


The following build commands failed:
	SwiftEmitModule normal x86_64 Emitting\ module\ for\ ScientificCalculator (in target 'ScientificCalculator' from project 'ScientificCalculator')
	EmitSwiftModule normal x86_64 (in target 'ScientificCalculator' from project 'ScientificCalculator')
	Building project ScientificCalculator with scheme ScientificCalculator
(3 failures)
