Command line invocation:
    /Applications/Xcode.app/Contents/Developer/usr/bin/xcodebuild test -project ScientificCalculator.xcodeproj -scheme ScientificCalculator -destination platform=macOS

2026-02-11 08:56:07.411 xcodebuild[6068:84707] [MT] IDERunDestination: Supported platforms for the buildables in the current scheme is empty.
--- xcodebuild: WARNING: Using the first of multiple matching destinations:
{ platform:macOS, arch:arm64, id:00008132-001204563A0B801C, name:My Mac }
{ platform:macOS, arch:x86_64, id:00008132-001204563A0B801C, name:My Mac }
ComputePackagePrebuildTargetDependencyGraph

Prepare packages

CreateBuildRequest

SendProjectDescription

CreateBuildOperation

ComputeTargetDependencyGraph
note: Building targets in dependency order
note: Target dependency graph (2 targets)
    Target 'ScientificCalculatorTests' in project 'ScientificCalculator'
        ➜ Explicit dependency on target 'ScientificCalculator' in project 'ScientificCalculator'
    Target 'ScientificCalculator' in project 'ScientificCalculator' (no dependencies)

GatherProvisioningInputs

CreateBuildDescription

ClangStatCache /Applications/Xcode.app/Contents/Developer/Toolchains/XcodeDefault.xctoolchain/usr/bin/clang-stat-cache /Applications/Xcode.app/Contents/Developer/Platforms/MacOSX.platform/Developer/SDKs/MacOSX26.2.sdk /Users/sanathbs/Library/Developer/Xcode/DerivedData/SDKStatCaches.noindex/macosx26.2-25C57-00fa09913b459cbbc988d1f6730289ae.sdkstatcache
    cd /Users/sanathbs/03_Dev_Lab/scientific-calculator/ScientificCalculator.xcodeproj
    /Applications/Xcode.app/Contents/Developer/Toolchains/XcodeDefault.xctoolchain/usr/bin/clang-stat-cache /Applications/Xcode.app/Contents/Developer/Platforms/MacOSX.platform/Developer/SDKs/MacOSX26.2.sdk -o /Users/sanathbs/Library/Developer/Xcode/DerivedData/SDKStatCaches.noindex/macosx26.2-25C57-00fa09913b459cbbc988d1f6730289ae.sdkstatcache

CodeSign /Users/sanathbs/Library/Developer/Xcode/DerivedData/ScientificCalculator-dtkwlyvtfwrthmagdpanurtkqysl/Build/Products/Debug/ScientificCalculator.app/Contents/MacOS/ScientificCalculator.debug.dylib (in target 'ScientificCalculator' from project 'ScientificCalculator')
    cd /Users/sanathbs/03_Dev_Lab/scientific-calculator
    
    Signing Identity:     "Sign to Run Locally"
    
    /usr/bin/codesign --force --sign - --timestamp\=none --generate-entitlement-der /Users/sanathbs/Library/Developer/Xcode/DerivedData/ScientificCalculator-dtkwlyvtfwrthmagdpanurtkqysl/Build/Products/Debug/ScientificCalculator.app/Contents/MacOS/ScientificCalculator.debug.dylib
/Users/sanathbs/Library/Developer/Xcode/DerivedData/ScientificCalculator-dtkwlyvtfwrthmagdpanurtkqysl/Build/Products/Debug/ScientificCalculator.app/Contents/MacOS/ScientificCalculator.debug.dylib: replacing existing signature

CodeSign /Users/sanathbs/Library/Developer/Xcode/DerivedData/ScientificCalculator-dtkwlyvtfwrthmagdpanurtkqysl/Build/Products/Debug/ScientificCalculator.app/Contents/MacOS/__preview.dylib (in target 'ScientificCalculator' from project 'ScientificCalculator')
    cd /Users/sanathbs/03_Dev_Lab/scientific-calculator
    
    Signing Identity:     "Sign to Run Locally"
    
    /usr/bin/codesign --force --sign - --timestamp\=none --generate-entitlement-der /Users/sanathbs/Library/Developer/Xcode/DerivedData/ScientificCalculator-dtkwlyvtfwrthmagdpanurtkqysl/Build/Products/Debug/ScientificCalculator.app/Contents/MacOS/__preview.dylib
/Users/sanathbs/Library/Developer/Xcode/DerivedData/ScientificCalculator-dtkwlyvtfwrthmagdpanurtkqysl/Build/Products/Debug/ScientificCalculator.app/Contents/MacOS/__preview.dylib: replacing existing signature

CodeSign /Users/sanathbs/Library/Developer/Xcode/DerivedData/ScientificCalculator-dtkwlyvtfwrthmagdpanurtkqysl/Build/Products/Debug/ScientificCalculator.app (in target 'ScientificCalculator' from project 'ScientificCalculator')
    cd /Users/sanathbs/03_Dev_Lab/scientific-calculator
    
    Signing Identity:     "Sign to Run Locally"
    
    /usr/bin/codesign --force --sign - --entitlements /Users/sanathbs/Library/Developer/Xcode/DerivedData/ScientificCalculator-dtkwlyvtfwrthmagdpanurtkqysl/Build/Intermediates.noindex/ScientificCalculator.build/Debug/ScientificCalculator.build/ScientificCalculator.app.xcent --timestamp\=none --generate-entitlement-der /Users/sanathbs/Library/Developer/Xcode/DerivedData/ScientificCalculator-dtkwlyvtfwrthmagdpanurtkqysl/Build/Products/Debug/ScientificCalculator.app
/Users/sanathbs/Library/Developer/Xcode/DerivedData/ScientificCalculator-dtkwlyvtfwrthmagdpanurtkqysl/Build/Products/Debug/ScientificCalculator.app: replacing existing signature

Validate /Users/sanathbs/Library/Developer/Xcode/DerivedData/ScientificCalculator-dtkwlyvtfwrthmagdpanurtkqysl/Build/Products/Debug/ScientificCalculator.app (in target 'ScientificCalculator' from project 'ScientificCalculator')
    cd /Users/sanathbs/03_Dev_Lab/scientific-calculator
    builtin-validationUtility /Users/sanathbs/Library/Developer/Xcode/DerivedData/ScientificCalculator-dtkwlyvtfwrthmagdpanurtkqysl/Build/Products/Debug/ScientificCalculator.app -no-validate-extension -infoplist-subpath Contents/Info.plist

RegisterWithLaunchServices /Users/sanathbs/Library/Developer/Xcode/DerivedData/ScientificCalculator-dtkwlyvtfwrthmagdpanurtkqysl/Build/Products/Debug/ScientificCalculator.app (in target 'ScientificCalculator' from project 'ScientificCalculator')
    cd /Users/sanathbs/03_Dev_Lab/scientific-calculator
    /System/Library/Frameworks/CoreServices.framework/Versions/Current/Frameworks/LaunchServices.framework/Versions/Current/Support/lsregister -f -R -trusted /Users/sanathbs/Library/Developer/Xcode/DerivedData/ScientificCalculator-dtkwlyvtfwrthmagdpanurtkqysl/Build/Products/Debug/ScientificCalculator.app

Testing started
Test suite 'PerformanceTests' started on 'My Mac - ScientificCalculator (6081)'
Test suite 'NumericEngineTests' started on 'My Mac - ScientificCalculator (6083)'
Test case 'NumericEngineTests.testAddition()' passed on 'My Mac - ScientificCalculator (6083)' (0.004 seconds)
Test case 'NumericEngineTests.testComplexExpression()' passed on 'My Mac - ScientificCalculator (6083)' (0.001 seconds)
Test case 'NumericEngineTests.testCos()' passed on 'My Mac - ScientificCalculator (6083)' (0.001 seconds)
Test case 'NumericEngineTests.testDeterminism()' passed on 'My Mac - ScientificCalculator (6083)' (0.069 seconds)
Test case 'NumericEngineTests.testDivision()' passed on 'My Mac - ScientificCalculator (6083)' (0.001 seconds)
Test case 'NumericEngineTests.testDivisionByZero()' passed on 'My Mac - ScientificCalculator (6083)' (0.000 seconds)
Test suite 'LatexNormalizerTests' started on 'My Mac - ScientificCalculator (6084)'
Test case 'LatexNormalizerTests.testCdot()' passed on 'My Mac - ScientificCalculator (6084)' (0.001 seconds)
Test case 'NumericEngineTests.testE()' passed on 'My Mac - ScientificCalculator (6083)' (0.001 seconds)
Test case 'LatexNormalizerTests.testCollapseSpaces()' passed on 'My Mac - ScientificCalculator (6084)' (0.000 seconds)
Test case 'LatexNormalizerTests.testCosFunction()' passed on 'My Mac - ScientificCalculator (6084)' (0.000 seconds)
Test case 'LatexNormalizerTests.testDiv()' passed on 'My Mac - ScientificCalculator (6084)' (0.000 seconds)
Test case 'NumericEngineTests.testLargeNumber()' passed on 'My Mac - ScientificCalculator (6083)' (0.006 seconds)
Test case 'LatexNormalizerTests.testEmptyInput()' passed on 'My Mac - ScientificCalculator (6084)' (0.000 seconds)
Test case 'LatexNormalizerTests.testFractionWithExpression()' passed on 'My Mac - ScientificCalculator (6084)' (0.000 seconds)
Test case 'NumericEngineTests.testLn()' passed on 'My Mac - ScientificCalculator (6083)' (0.002 seconds)
Test case 'LatexNormalizerTests.testLeftRightParens()' passed on 'My Mac - ScientificCalculator (6084)' (0.000 seconds)
Test case 'LatexNormalizerTests.testLnFunction()' passed on 'My Mac - ScientificCalculator (6084)' (0.000 seconds)
Test case 'LatexNormalizerTests.testLogFunction()' passed on 'My Mac - ScientificCalculator (6084)' (0.000 seconds)
Test case 'NumericEngineTests.testLog10()' passed on 'My Mac - ScientificCalculator (6083)' (0.002 seconds)
Test case 'NumericEngineTests.testLogNegative()' passed on 'My Mac - ScientificCalculator (6083)' (0.002 seconds)
Test case 'LatexNormalizerTests.testNestedFraction()' passed on 'My Mac - ScientificCalculator (6084)' (0.000 seconds)
Test case 'LatexNormalizerTests.testNthRoot()' passed on 'My Mac - ScientificCalculator (6084)' (0.000 seconds)
Test case 'LatexNormalizerTests.testNumericFraction()' passed on 'My Mac - ScientificCalculator (6084)' (0.000 seconds)
Test case 'LatexNormalizerTests.testPassthrough()' passed on 'My Mac - ScientificCalculator (6084)' (0.000 seconds)
Test case 'LatexNormalizerTests.testPi()' passed on 'My Mac - ScientificCalculator (6084)' (0.000 seconds)
Test case 'LatexNormalizerTests.testQuadraticFormula()' passed on 'My Mac - ScientificCalculator (6084)' (0.001 seconds)
Test case 'NumericEngineTests.testMultiplication()' passed on 'My Mac - ScientificCalculator (6083)' (0.000 seconds)
Test case 'LatexNormalizerTests.testRemoveDisplaystyle()' passed on 'My Mac - ScientificCalculator (6084)' (0.000 seconds)
Test case 'LatexNormalizerTests.testRemoveDollarSigns()' passed on 'My Mac - ScientificCalculator (6084)' (0.000 seconds)
Test case 'NumericEngineTests.testNestedFunctions()' passed on 'My Mac - ScientificCalculator (6083)' (0.001 seconds)
Test case 'NumericEngineTests.testPi()' passed on 'My Mac - ScientificCalculator (6083)' (0.000 seconds)
Test case 'LatexNormalizerTests.testRemoveDoubleDollarSigns()' passed on 'My Mac - ScientificCalculator (6084)' (0.000 seconds)
Test case 'NumericEngineTests.testPower()' passed on 'My Mac - ScientificCalculator (6083)' (0.001 seconds)
Test case 'NumericEngineTests.testPrecedence()' passed on 'My Mac - ScientificCalculator (6083)' (0.003 seconds)
Test case 'NumericEngineTests.testSin()' passed on 'My Mac - ScientificCalculator (6083)' (0.002 seconds)
Test case 'NumericEngineTests.testSmallNumber()' passed on 'My Mac - ScientificCalculator (6083)' (0.046 seconds)
Test case 'NumericEngineTests.testSqrt()' passed on 'My Mac - ScientificCalculator (6083)' (0.001 seconds)
Test case 'LatexNormalizerTests.testRemoveQuestionNumbering()' failed on 'My Mac - ScientificCalculator (6084)' (0.057 seconds)
Test case 'LatexNormalizerTests.testRemoveRemainingBraces()' passed on 'My Mac - ScientificCalculator (6084)' (0.000 seconds)
Test case 'NumericEngineTests.testSqrtNegative()' passed on 'My Mac - ScientificCalculator (6083)' (0.000 seconds)
Test case 'LatexNormalizerTests.testSimpleFraction()' passed on 'My Mac - ScientificCalculator (6084)' (0.000 seconds)
Test case 'NumericEngineTests.testSubtraction()' passed on 'My Mac - ScientificCalculator (6083)' (0.001 seconds)
Test case 'LatexNormalizerTests.testSimpleSqrt()' passed on 'My Mac - ScientificCalculator (6084)' (0.000 seconds)
Test case 'NumericEngineTests.testTan()' passed on 'My Mac - ScientificCalculator (6083)' (0.001 seconds)
Test case 'LatexNormalizerTests.testSinFunction()' passed on 'My Mac - ScientificCalculator (6084)' (0.000 seconds)
Test case 'LatexNormalizerTests.testSqrtWithNumber()' passed on 'My Mac - ScientificCalculator (6084)' (0.000 seconds)
Test case 'LatexNormalizerTests.testTimes()' passed on 'My Mac - ScientificCalculator (6084)' (0.000 seconds)
Test suite 'StatsEngineTests' started on 'My Mac - ScientificCalculator (6083)'
Test case 'StatsEngineTests.testCorrelationPerfectNegative()' passed on 'My Mac - ScientificCalculator (6083)' (0.000 seconds)
Test suite 'MatrixEngineTests' started on 'My Mac - ScientificCalculator (6084)'
Test case 'MatrixEngineTests.testAddition()' passed on 'My Mac - ScientificCalculator (6084)' (0.000 seconds)
Test case 'StatsEngineTests.testCorrelationPerfectPositive()' passed on 'My Mac - ScientificCalculator (6083)' (0.000 seconds)
Test case 'StatsEngineTests.testCorrelationZero()' passed on 'My Mac - ScientificCalculator (6083)' (0.000 seconds)
Test case 'StatsEngineTests.testLinearRegressionPerfect()' passed on 'My Mac - ScientificCalculator (6083)' (0.000 seconds)
Test case 'StatsEngineTests.testMax()' passed on 'My Mac - ScientificCalculator (6083)' (0.000 seconds)
Test case 'MatrixEngineTests.testDeterminant2x2()' passed on 'My Mac - ScientificCalculator (6084)' (0.000 seconds)
Test case 'MatrixEngineTests.testDeterminant3x3()' passed on 'My Mac - ScientificCalculator (6084)' (0.000 seconds)
Test case 'StatsEngineTests.testMean()' passed on 'My Mac - ScientificCalculator (6083)' (0.001 seconds)
Test case 'MatrixEngineTests.testDeterminantIdentity()' passed on 'My Mac - ScientificCalculator (6084)' (0.001 seconds)
Test case 'StatsEngineTests.testMeanSingleValue()' passed on 'My Mac - ScientificCalculator (6083)' (0.000 seconds)
Test case 'StatsEngineTests.testMedianEven()' passed on 'My Mac - ScientificCalculator (6083)' (0.000 seconds)
Test case 'MatrixEngineTests.testEigenvalues2x2()' passed on 'My Mac - ScientificCalculator (6084)' (0.001 seconds)
Test case 'MatrixEngineTests.testIdentity()' passed on 'My Mac - ScientificCalculator (6084)' (0.000 seconds)
Test case 'StatsEngineTests.testMedianOdd()' passed on 'My Mac - ScientificCalculator (6083)' (0.000 seconds)
Test case 'MatrixEngineTests.testInverse2x2()' passed on 'My Mac - ScientificCalculator (6084)' (0.000 seconds)
Test case 'StatsEngineTests.testMin()' passed on 'My Mac - ScientificCalculator (6083)' (0.001 seconds)
Test case 'MatrixEngineTests.testInverseSingular()' passed on 'My Mac - ScientificCalculator (6084)' (0.001 seconds)
Test case 'StatsEngineTests.testMovingAverage()' passed on 'My Mac - ScientificCalculator (6083)' (0.000 seconds)
Test case 'StatsEngineTests.testStandardDeviation()' passed on 'My Mac - ScientificCalculator (6083)' (0.000 seconds)
Test case 'MatrixEngineTests.testMultiplication()' passed on 'My Mac - ScientificCalculator (6084)' (0.000 seconds)
Test case 'MatrixEngineTests.testMultiplicationNonSquare()' passed on 'My Mac - ScientificCalculator (6084)' (0.000 seconds)
Test case 'MatrixEngineTests.testMultiply100x100Performance()' passed on 'My Mac - ScientificCalculator (6084)' (0.004 seconds)
Test case 'MatrixEngineTests.testSubtraction()' passed on 'My Mac - ScientificCalculator (6084)' (0.000 seconds)
Test case 'MatrixEngineTests.testTranspose()' passed on 'My Mac - ScientificCalculator (6084)' (0.000 seconds)
Test suite 'VectorEngineTests' started on 'My Mac - ScientificCalculator (6084)'
Test case 'VectorEngineTests.testCrossProduct()' passed on 'My Mac - ScientificCalculator (6084)' (0.000 seconds)
Test case 'VectorEngineTests.testCrossProductAnticommutative()' passed on 'My Mac - ScientificCalculator (6084)' (0.000 seconds)
Test case 'VectorEngineTests.testDistance()' passed on 'My Mac - ScientificCalculator (6084)' (0.000 seconds)
Test case 'VectorEngineTests.testDotProduct()' passed on 'My Mac - ScientificCalculator (6084)' (0.000 seconds)
Test case 'VectorEngineTests.testDotProductOrthogonal()' passed on 'My Mac - ScientificCalculator (6084)' (0.000 seconds)
Test case 'VectorEngineTests.testElementwiseAdd()' passed on 'My Mac - ScientificCalculator (6084)' (0.000 seconds)
Test case 'VectorEngineTests.testElementwiseMultiply()' passed on 'My Mac - ScientificCalculator (6084)' (0.000 seconds)
Test case 'StatsEngineTests.testStats10kPerformance()' passed on 'My Mac - ScientificCalculator (6083)' (0.011 seconds)
Test case 'VectorEngineTests.testMean()' passed on 'My Mac - ScientificCalculator (6084)' (0.000 seconds)
Test case 'VectorEngineTests.testNorm()' passed on 'My Mac - ScientificCalculator (6084)' (0.000 seconds)
Test case 'StatsEngineTests.testVariance()' passed on 'My Mac - ScientificCalculator (6083)' (0.000 seconds)
Test case 'VectorEngineTests.testNorm3D()' passed on 'My Mac - ScientificCalculator (6084)' (0.001 seconds)
Test case 'VectorEngineTests.testNormalize()' passed on 'My Mac - ScientificCalculator (6084)' (0.000 seconds)
Test case 'VectorEngineTests.testNormalizeZeroVector()' passed on 'My Mac - ScientificCalculator (6084)' (0.000 seconds)
Test case 'VectorEngineTests.testScalarMultiply()' passed on 'My Mac - ScientificCalculator (6084)' (0.000 seconds)
Test case 'VectorEngineTests.testSum()' passed on 'My Mac - ScientificCalculator (6084)' (0.000 seconds)
Test suite 'UnitsEngineTests' started on 'My Mac - ScientificCalculator (6083)'
Test case 'UnitsEngineTests.testCelsiusToFahrenheit()' passed on 'My Mac - ScientificCalculator (6083)' (0.000 seconds)
Test case 'UnitsEngineTests.testCelsiusToKelvin()' passed on 'My Mac - ScientificCalculator (6083)' (0.000 seconds)
Test case 'UnitsEngineTests.testDaysToSeconds()' passed on 'My Mac - ScientificCalculator (6083)' (0.000 seconds)
Test suite 'OCRClientTests' started on 'My Mac - ScientificCalculator (6084)'
Test case 'OCRClientTests.testErrorDescriptions()' passed on 'My Mac - ScientificCalculator (6084)' (0.000 seconds)
Test case 'UnitsEngineTests.testDegreesToGradians()' passed on 'My Mac - ScientificCalculator (6083)' (0.000 seconds)
Test case 'UnitsEngineTests.testDegreesToRadians()' passed on 'My Mac - ScientificCalculator (6083)' (0.000 seconds)
Test case 'UnitsEngineTests.testFahrenheitToCelsius()' passed on 'My Mac - ScientificCalculator (6083)' (0.001 seconds)
Test case 'UnitsEngineTests.testGramsToOunces()' passed on 'My Mac - ScientificCalculator (6083)' (0.000 seconds)
Test case 'UnitsEngineTests.testHoursToMinutes()' passed on 'My Mac - ScientificCalculator (6083)' (0.000 seconds)
Test case 'UnitsEngineTests.testInchesToCentimeters()' passed on 'My Mac - ScientificCalculator (6083)' (0.000 seconds)
Test case 'UnitsEngineTests.testKelvinToFahrenheit()' passed on 'My Mac - ScientificCalculator (6083)' (0.001 seconds)
Test case 'UnitsEngineTests.testKilogramsToPounds()' passed on 'My Mac - ScientificCalculator (6083)' (0.000 seconds)
Test case 'UnitsEngineTests.testKilometersToMeters()' passed on 'My Mac - ScientificCalculator (6083)' (0.000 seconds)
Test case 'UnitsEngineTests.testMetersToFeet()' passed on 'My Mac - ScientificCalculator (6083)' (0.000 seconds)
Test case 'UnitsEngineTests.testMilesToKilometers()' passed on 'My Mac - ScientificCalculator (6083)' (0.000 seconds)
Test case 'UnitsEngineTests.testParseAndConvert()' passed on 'My Mac - ScientificCalculator (6083)' (0.001 seconds)
Test case 'UnitsEngineTests.testRadiansToDegrees()' passed on 'My Mac - ScientificCalculator (6083)' (0.000 seconds)
Test case 'UnitsEngineTests.testSameUnitConversion()' passed on 'My Mac - ScientificCalculator (6083)' (0.000 seconds)
Test suite 'TokenizerTests' started on 'My Mac - ScientificCalculator (6083)'
Test case 'TokenizerTests.testPositionTracking()' passed on 'My Mac - ScientificCalculator (6083)' (0.000 seconds)
Test case 'TokenizerTests.testTokenizeComplexExpression()' passed on 'My Mac - ScientificCalculator (6083)' (0.000 seconds)
Test case 'TokenizerTests.testTokenizeConstants()' passed on 'My Mac - ScientificCalculator (6083)' (0.000 seconds)
Test case 'TokenizerTests.testTokenizeDecimal()' passed on 'My Mac - ScientificCalculator (6083)' (0.000 seconds)
Test suite 'ParserTests' started on 'My Mac - ScientificCalculator (6087)'
Test case 'ParserTests.testEmptyExpression()' passed on 'My Mac - ScientificCalculator (6087)' (0.001 seconds)
Test case 'ParserTests.testMissingFunctionParenthesis()' passed on 'My Mac - ScientificCalculator (6087)' (0.000 seconds)
Test case 'ParserTests.testNestedFunctions()' passed on 'My Mac - ScientificCalculator (6087)' (0.001 seconds)
Test case 'ParserTests.testNodeCount()' passed on 'My Mac - ScientificCalculator (6087)' (0.000 seconds)
Test case 'OCRClientTests.testHealthCheckOffline()' passed on 'My Mac - ScientificCalculator (6084)' (0.074 seconds)
Test case 'TokenizerTests.testTokenizeFunctions()' passed on 'My Mac - ScientificCalculator (6083)' (0.000 seconds)
Test case 'TokenizerTests.testTokenizeInteger()' passed on 'My Mac - ScientificCalculator (6083)' (0.000 seconds)
Test case 'ParserTests.testParenthesesOverridePrecedence()' passed on 'My Mac - ScientificCalculator (6087)' (0.000 seconds)
Test case 'ParserTests.testParseAddition()' passed on 'My Mac - ScientificCalculator (6087)' (0.000 seconds)
Test case 'TokenizerTests.testTokenizeOperators()' passed on 'My Mac - ScientificCalculator (6083)' (0.000 seconds)
Test case 'TokenizerTests.testTokenizeParentheses()' passed on 'My Mac - ScientificCalculator (6083)' (0.000 seconds)
Test case 'TokenizerTests.testTokenizeScientificNotation()' passed on 'My Mac - ScientificCalculator (6083)' (0.000 seconds)
Test case 'TokenizerTests.testTokenizeUnknownIdentifier()' passed on 'My Mac - ScientificCalculator (6083)' (0.000 seconds)
Test case 'OCRClientTests.testLowConfidenceError()' passed on 'My Mac - ScientificCalculator (6084)' (0.000 seconds)
Test case 'OCRClientTests.testOCRMetricsConsoleDescription()' passed on 'My Mac - ScientificCalculator (6084)' (0.000 seconds)
Test case 'OCRClientTests.testOCRMetricsDisplay()' passed on 'My Mac - ScientificCalculator (6084)' (0.000 seconds)
Test case 'OCRClientTests.testOCRResultProperties()' passed on 'My Mac - ScientificCalculator (6084)' (0.000 seconds)
Test case 'ParserTests.testParseConstant()' passed on 'My Mac - ScientificCalculator (6087)' (0.000 seconds)
Test case 'ParserTests.testParseFunctionCall()' passed on 'My Mac - ScientificCalculator (6087)' (0.000 seconds)
Test case 'ParserTests.testParseNumber()' passed on 'My Mac - ScientificCalculator (6087)' (0.000 seconds)
Test case 'ParserTests.testPrecedenceMultiplyOverAdd()' passed on 'My Mac - ScientificCalculator (6087)' (0.000 seconds)
Test case 'OCRClientTests.testServerErrorDescription()' passed on 'My Mac - ScientificCalculator (6084)' (0.000 seconds)
Test case 'ParserTests.testPrecedencePowerOverMultiply()' passed on 'My Mac - ScientificCalculator (6087)' (0.000 seconds)
Test case 'ParserTests.testRightAssociativityOfPower()' passed on 'My Mac - ScientificCalculator (6087)' (0.001 seconds)
Test case 'ParserTests.testUnaryNegation()' passed on 'My Mac - ScientificCalcu2026-02-11 08:56:14.859 xcodebuild[6068:84707] [MT] IDETestOperationsObserverDebug: 6.818 elapsed -- Testing started completed.
2026-02-11 08:56:14.859 xcodebuild[6068:84707] [MT] IDETestOperationsObserverDebug: 0.000 sec, +0.000 sec -- start
2026-02-11 08:56:14.859 xcodebuild[6068:84707] [MT] IDETestOperationsObserverDebug: 6.818 sec, +6.818 sec -- end

Test session results, code coverage, and logs:
	/Users/sanathbs/Library/Developer/Xcode/DerivedData/ScientificCalculator-dtkwlyvtfwrthmagdpanurtkqysl/Logs/Test/Test-ScientificCalculator-2026.02.11_08-56-07-+0530.xcresult

** TEST FAILED **

lator (6087)' (0.000 seconds)
Test case 'ParserTests.testUnaryNegationInExpression()' passed on 'My Mac - ScientificCalculator (6087)' (0.000 seconds)
Test case 'ParserTests.testUnmatchedParenthesis()' passed on 'My Mac - ScientificCalculator (6087)' (0.000 seconds)
Test case 'PerformanceTests.testComplexExpressionPerformance()' passed on 'My Mac - ScientificCalculator (6081)' (1.278 seconds)
Test case 'PerformanceTests.testEvaluationPerformance()' passed on 'My Mac - ScientificCalculator (6081)' (0.789 seconds)
Test case 'PerformanceTests.testMetricsNodeCount()' passed on 'My Mac - ScientificCalculator (6081)' (0.000 seconds)
Test case 'PerformanceTests.testMetricsReported()' passed on 'My Mac - ScientificCalculator (6081)' (0.000 seconds)
Test case 'PerformanceTests.testParsingPerformance()' passed on 'My Mac - ScientificCalculator (6081)' (0.443 seconds)
Test case 'PerformanceTests.testPerformanceStability()' passed on 'My Mac - ScientificCalculator (6081)' (0.064 seconds)
